# 2026-08-11 UTC+1 - time PAIR=payout ...
12:15 AUDCAD=38 AUDCHF=92 AUDJPY=61 AUDUSD=62 CADCHF=92 CADJPY=83 CHFJPY=92 EURAUD=38 EURCAD=69 EURCHF=46 EURGBP=31 EURJPY=92 EURUSD=70 GBPAUD=85 GBPCAD=85 GBPCHF=91 GBPJPY=91 GBPUSD=76 USDCAD=88 USDCHF=60 USDJPY=61
12:16 AUDCAD=38 AUDCHF=92 AUDJPY=61 AUDUSD=62 CADCHF=92 CADJPY=83 CHFJPY=92 EURAUD=38 EURCAD=69 EURCHF=46 EURGBP=31 EURJPY=92 EURUSD=70 GBPAUD=85 GBPCAD=85 GBPCHF=91 GBPJPY=91 GBPUSD=76 USDCAD=88 USDCHF=60 USDJPY=61
12:17 AUDCAD=38 AUDCHF=92 AUDJPY=61 AUDUSD=62 CADCHF=92 CADJPY=83 CHFJPY=92 EURAUD=38 EURCAD=69 EURCHF=46 EURGBP=31 EURJPY=92 EURUSD=70 GBPAUD=85 GBPCAD=85 GBPCHF=91 GBPJPY=91 GBPUSD=76 USDCAD=88 USDCHF=60 USDJPY=61
12:18 AUDCAD=38 AUDCHF=92 AUDJPY=56 AUDUSD=62 CADCHF=72 CADJPY=83 CHFJPY=92 EURAUD=38 EURCAD=72 EURCHF=44 EURGBP=29 EURJPY=92 EURUSD=68 GBPAUD=85 GBPCAD=69 GBPCHF=91 GBPJPY=91 GBPUSD=79 USDCAD=89 USDCHF=57 USDJPY=59
12:19 AUDCAD=38 AUDCHF=92 AUDJPY=56 AUDUSD=62 CADCHF=72 CADJPY=83 CHFJPY=92 EURAUD=38 EURCAD=72 EURCHF=44 EURGBP=29 EURJPY=92 EURUSD=68 GBPAUD=85 GBPCAD=69 GBPCHF=91 GBPJPY=91 GBPUSD=79 USDCAD=89 USDCHF=57 USDJPY=59
12:20 AUDCAD=38 AUDCHF=92 AUDJPY=54 AUDUSD=65 CADCHF=72 CADJPY=83 CHFJPY=92 EURAUD=39 EURCAD=67 EURCHF=46 EURGBP=32 EURJPY=92 EURUSD=67 GBPAUD=85 GBPCAD=28 GBPCHF=91 GBPJPY=91 GBPUSD=76 USDCAD=79 USDCHF=59 USDJPY=54
12:21 AUDCAD=38 AUDCHF=92 AUDJPY=53 AUDUSD=64 CADCHF=73 CADJPY=83 CHFJPY=92 EURAUD=39 EURCAD=55 EURCHF=47 EURGBP=30 EURJPY=92 EURUSD=67 GBPAUD=85 GBPCAD=28 GBPCHF=91 GBPJPY=91 GBPUSD=77 USDCAD=80 USDCHF=66 USDJPY=58
12:22 AUDCAD=38 AUDCHF=92 AUDJPY=53 AUDUSD=64 CADCHF=73 CADJPY=83 CHFJPY=92 EURAUD=39 EURCAD=55 EURCHF=47 EURGBP=30 EURJPY=92 EURUSD=67 GBPAUD=85 GBPCAD=28 GBPCHF=91 GBPJPY=91 GBPUSD=77 USDCAD=80 USDCHF=66 USDJPY=58
12:23 AUDCAD=38 AUDCHF=92 AUDJPY=53 AUDUSD=64 CADCHF=73 CADJPY=83 CHFJPY=92 EURAUD=39 EURCAD=55 EURCHF=47 EURGBP=30 EURJPY=92 EURUSD=67 GBPAUD=85 GBPCAD=28 GBPCHF=91 GBPJPY=91 GBPUSD=77 USDCAD=80 USDCHF=66 USDJPY=58
12:24 AUDCAD=39 AUDCHF=92 AUDJPY=51 AUDUSD=66 CADCHF=71 CADJPY=83 CHFJPY=54 EURAUD=39 EURCAD=58 EURCHF=43 EURGBP=30 EURJPY=92 EURUSD=62 GBPAUD=85 GBPCAD=32 GBPCHF=91 GBPJPY=91 GBPUSD=83 USDCAD=74 USDCHF=65 USDJPY=62
12:25 AUDCAD=41 AUDCHF=92 AUDJPY=51 AUDUSD=66 CADCHF=71 CADJPY=83 CHFJPY=53 EURAUD=39 EURCAD=58 EURCHF=42 EURGBP=30 EURJPY=92 EURUSD=62 GBPAUD=84 GBPCAD=31 GBPCHF=91 GBPJPY=91 GBPUSD=81 USDCAD=82 USDCHF=64 USDJPY=66
12:26 AUDCAD=41 AUDCHF=92 AUDJPY=51 AUDUSD=66 CADCHF=71 CADJPY=83 CHFJPY=53 EURAUD=39 EURCAD=58 EURCHF=42 EURGBP=30 EURJPY=92 EURUSD=62 GBPAUD=84 GBPCAD=31 GBPCHF=91 GBPJPY=91 GBPUSD=81 USDCAD=82 USDCHF=64 USDJPY=66
12:27 AUDCAD=39 AUDCHF=88 AUDJPY=51 AUDUSD=68 CADCHF=71 CADJPY=83 CHFJPY=53 EURAUD=39 EURCAD=66 EURCHF=41 EURGBP=37 EURJPY=92 EURUSD=58 GBPAUD=85 GBPCAD=31 GBPCHF=91 GBPJPY=91 GBPUSD=84 USDCAD=90 USDCHF=62 USDJPY=72
12:28 AUDCAD=39 AUDCHF=88 AUDJPY=51 AUDUSD=68 CADCHF=71 CADJPY=83 CHFJPY=53 EURAUD=39 EURCAD=66 EURCHF=41 EURGBP=37 EURJPY=92 EURUSD=58 GBPAUD=85 GBPCAD=31 GBPCHF=91 GBPJPY=91 GBPUSD=84 USDCAD=90 USDCHF=62 USDJPY=72
12:29 AUDCAD=39 AUDCHF=88 AUDJPY=51 AUDUSD=68 CADCHF=71 CADJPY=83 CHFJPY=53 EURAUD=39 EURCAD=66 EURCHF=41 EURGBP=37 EURJPY=92 EURUSD=58 GBPAUD=85 GBPCAD=31 GBPCHF=91 GBPJPY=91 GBPUSD=84 USDCAD=90 USDCHF=62 USDJPY=72
12:30 AUDCAD=48 AUDCHF=89 AUDJPY=51 AUDUSD=64 CADCHF=70 CADJPY=83 CHFJPY=47 EURAUD=39 EURCAD=70 EURCHF=40 EURGBP=41 EURJPY=92 EURUSD=67 GBPAUD=85 GBPCAD=28 GBPCHF=91 GBPJPY=91 GBPUSD=75 USDCAD=92 USDCHF=63 USDJPY=69
12:31 AUDCAD=48 AUDCHF=89 AUDJPY=51 AUDUSD=64 CADCHF=70 CADJPY=83 CHFJPY=47 EURAUD=39 EURCAD=70 EURCHF=40 EURGBP=41 EURJPY=92 EURUSD=67 GBPAUD=85 GBPCAD=28 GBPCHF=91 GBPJPY=91 GBPUSD=75 USDCAD=92 USDCHF=63 USDJPY=69
12:32 AUDCAD=48 AUDCHF=89 AUDJPY=51 AUDUSD=64 CADCHF=70 CADJPY=83 CHFJPY=47 EURAUD=39 EURCAD=70 EURCHF=40 EURGBP=41 EURJPY=92 EURUSD=67 GBPAUD=85 GBPCAD=28 GBPCHF=91 GBPJPY=91 GBPUSD=75 USDCAD=92 USDCHF=63 USDJPY=69
12:33 AUDCAD=55 AUDCHF=90 AUDJPY=48 AUDUSD=64 CADCHF=71 CADJPY=83 CHFJPY=49 EURAUD=40 EURCAD=56 EURCHF=42 EURGBP=50 EURJPY=92 EURUSD=73 GBPAUD=85 GBPCAD=29 GBPCHF=91 GBPJPY=85 GBPUSD=80 USDCAD=86 USDCHF=71 USDJPY=66
12:34 AUDCAD=55 AUDCHF=90 AUDJPY=48 AUDUSD=64 CADCHF=71 CADJPY=83 CHFJPY=49 EURAUD=40 EURCAD=56 EURCHF=42 EURGBP=50 EURJPY=92 EURUSD=73 GBPAUD=85 GBPCAD=29 GBPCHF=91 GBPJPY=85 GBPUSD=80 USDCAD=86 USDCHF=71 USDJPY=66
12:35 AUDCAD=62 AUDCHF=90 AUDJPY=46 AUDUSD=63 CADCHF=71 CADJPY=83 CHFJPY=49 EURAUD=40 EURCAD=62 EURCHF=43 EURGBP=58 EURJPY=92 EURUSD=77 GBPAUD=85 GBPCAD=32 GBPCHF=91 GBPJPY=91 GBPUSD=85 USDCAD=83 USDCHF=75 USDJPY=71
12:36 AUDCAD=66 AUDCHF=89 AUDJPY=46 AUDUSD=62 CADCHF=71 CADJPY=83 CHFJPY=49 EURAUD=40 EURCAD=67 EURCHF=43 EURGBP=66 EURJPY=92 EURUSD=85 GBPAUD=85 GBPCAD=32 GBPCHF=91 GBPJPY=91 GBPUSD=90 USDCAD=83 USDCHF=76 USDJPY=77
12:37 AUDCAD=66 AUDCHF=89 AUDJPY=46 AUDUSD=62 CADCHF=71 CADJPY=83 CHFJPY=49 EURAUD=40 EURCAD=67 EURCHF=43 EURGBP=66 EURJPY=92 EURUSD=85 GBPAUD=85 GBPCAD=32 GBPCHF=91 GBPJPY=91 GBPUSD=90 USDCAD=83 USDCHF=76 USDJPY=77
12:38 AUDCAD=66 AUDCHF=89 AUDJPY=46 AUDUSD=62 CADCHF=71 CADJPY=83 CHFJPY=49 EURAUD=40 EURCAD=67 EURCHF=43 EURGBP=66 EURJPY=92 EURUSD=85 GBPAUD=85 GBPCAD=32 GBPCHF=91 GBPJPY=91 GBPUSD=90 USDCAD=83 USDCHF=76 USDJPY=77
12:39 AUDCAD=74 AUDCHF=90 AUDJPY=43 AUDUSD=66 CADCHF=71 CADJPY=83 CHFJPY=48 EURAUD=39 EURCAD=70 EURCHF=38 EURGBP=72 EURJPY=92 EURUSD=82 GBPAUD=85 GBPCAD=35 GBPCHF=91 GBPJPY=91 GBPUSD=92 USDCAD=91 USDCHF=76 USDJPY=70
12:40 AUDCAD=73 AUDCHF=87 AUDJPY=39 AUDUSD=70 CADCHF=70 CADJPY=83 CHFJPY=48 EURAUD=39 EURCAD=69 EURCHF=34 EURGBP=77 EURJPY=92 EURUSD=83 GBPAUD=85 GBPCAD=31 GBPCHF=91 GBPJPY=88 GBPUSD=92 USDCAD=92 USDCHF=77 USDJPY=69
12:41 AUDCAD=73 AUDCHF=87 AUDJPY=39 AUDUSD=70 CADCHF=70 CADJPY=83 CHFJPY=48 EURAUD=39 EURCAD=69 EURCHF=34 EURGBP=77 EURJPY=92 EURUSD=83 GBPAUD=85 GBPCAD=31 GBPCHF=91 GBPJPY=88 GBPUSD=92 USDCAD=92 USDCHF=77 USDJPY=69
12:42 AUDCAD=81 AUDCHF=86 AUDJPY=39 AUDUSD=70 CADCHF=70 CADJPY=83 CHFJPY=47 EURAUD=39 EURCAD=69 EURCHF=33 EURGBP=87 EURJPY=92 EURUSD=87 GBPAUD=85 GBPCAD=30 GBPCHF=91 GBPJPY=87 GBPUSD=92 USDCAD=92 USDCHF=78 USDJPY=71
12:43 AUDCAD=81 AUDCHF=86 AUDJPY=39 AUDUSD=70 CADCHF=70 CADJPY=83 CHFJPY=47 EURAUD=39 EURCAD=69 EURCHF=33 EURGBP=87 EURJPY=92 EURUSD=87 GBPAUD=85 GBPCAD=30 GBPCHF=91 GBPJPY=87 GBPUSD=92 USDCAD=92 USDCHF=78 USDJPY=71
12:44 AUDCAD=81 AUDCHF=86 AUDJPY=39 AUDUSD=70 CADCHF=70 CADJPY=83 CHFJPY=47 EURAUD=39 EURCAD=69 EURCHF=33 EURGBP=87 EURJPY=92 EURUSD=87 GBPAUD=85 GBPCAD=30 GBPCHF=91 GBPJPY=87 GBPUSD=92 USDCAD=92 USDCHF=78 USDJPY=71
12:45 AUDCAD=87 AUDCHF=84 AUDJPY=36 AUDUSD=73 CADCHF=68 CADJPY=83 CHFJPY=43 EURAUD=38 EURCAD=28 EURCHF=32 EURGBP=88 EURJPY=92 EURUSD=92 GBPAUD=85 GBPCAD=32 GBPCHF=91 GBPJPY=88 GBPUSD=92 USDCAD=92 USDCHF=68 USDJPY=63
12:46 AUDCAD=87 AUDCHF=84 AUDJPY=36 AUDUSD=73 CADCHF=68 CADJPY=83 CHFJPY=43 EURAUD=38 EURCAD=28 EURCHF=32 EURGBP=88 EURJPY=92 EURUSD=92 GBPAUD=85 GBPCAD=32 GBPCHF=91 GBPJPY=88 GBPUSD=92 USDCAD=92 USDCHF=68 USDJPY=63
12:47 AUDCAD=87 AUDCHF=84 AUDJPY=36 AUDUSD=73 CADCHF=68 CADJPY=83 CHFJPY=43 EURAUD=38 EURCAD=28 EURCHF=32 EURGBP=88 EURJPY=92 EURUSD=92 GBPAUD=85 GBPCAD=32 GBPCHF=91 GBPJPY=88 GBPUSD=92 USDCAD=92 USDCHF=68 USDJPY=63
12:48 AUDCAD=58 AUDCHF=82 AUDJPY=45 AUDUSD=82 CADCHF=68 CADJPY=83 CHFJPY=41 EURAUD=39 EURCAD=28 EURCHF=32 EURGBP=88 EURJPY=92 EURUSD=92 GBPAUD=84 GBPCAD=31 GBPCHF=91 GBPJPY=91 GBPUSD=92 USDCAD=88 USDCHF=73 USDJPY=64
12:49 AUDCAD=58 AUDCHF=82 AUDJPY=45 AUDUSD=82 CADCHF=68 CADJPY=83 CHFJPY=41 EURAUD=39 EURCAD=28 EURCHF=32 EURGBP=88 EURJPY=92 EURUSD=92 GBPAUD=84 GBPCAD=31 GBPCHF=91 GBPJPY=91 GBPUSD=92 USDCAD=88 USDCHF=73 USDJPY=64
12:50 AUDCAD=38 AUDCHF=86 AUDJPY=44 AUDUSD=86 CADCHF=69 CADJPY=83 CHFJPY=41 EURAUD=39 EURCAD=28 EURCHF=40 EURGBP=88 EURJPY=92 EURUSD=92 GBPAUD=83 GBPCAD=30 GBPCHF=91 GBPJPY=91 GBPUSD=92 USDCAD=88 USDCHF=50 USDJPY=67
12:51 AUDCAD=38 AUDCHF=90 AUDJPY=44 AUDUSD=89 CADCHF=69 CADJPY=83 CHFJPY=42 EURAUD=38 EURCAD=28 EURCHF=47 EURGBP=88 EURJPY=92 EURUSD=92 GBPAUD=84 GBPCAD=30 GBPCHF=91 GBPJPY=91 GBPUSD=92 USDCAD=89 USDCHF=50 USDJPY=65
12:52 AUDCAD=38 AUDCHF=90 AUDJPY=44 AUDUSD=89 CADCHF=69 CADJPY=83 CHFJPY=42 EURAUD=38 EURCAD=28 EURCHF=47 EURGBP=88 EURJPY=92 EURUSD=92 GBPAUD=84 GBPCAD=30 GBPCHF=91 GBPJPY=91 GBPUSD=92 USDCAD=89 USDCHF=50 USDJPY=65
12:53 AUDCAD=38 AUDCHF=90 AUDJPY=44 AUDUSD=89 CADCHF=69 CADJPY=83 CHFJPY=42 EURAUD=38 EURCAD=28 EURCHF=47 EURGBP=88 EURJPY=92 EURUSD=92 GBPAUD=84 GBPCAD=30 GBPCHF=91 GBPJPY=91 GBPUSD=92 USDCAD=89 USDCHF=50 USDJPY=65
12:54 AUDCAD=38 AUDCHF=81 AUDJPY=38 AUDUSD=89 CADCHF=63 CADJPY=83 CHFJPY=43 EURAUD=43 EURCAD=28 EURCHF=56 EURGBP=88 EURJPY=92 EURUSD=82 GBPAUD=85 GBPCAD=29 GBPCHF=91 GBPJPY=91 GBPUSD=92 USDCAD=82 USDCHF=50 USDJPY=69
12:55 AUDCAD=38 AUDCHF=80 AUDJPY=38 AUDUSD=89 CADCHF=62 CADJPY=83 CHFJPY=42 EURAUD=50 EURCAD=28 EURCHF=63 EURGBP=88 EURJPY=92 EURUSD=89 GBPAUD=85 GBPCAD=29 GBPCHF=91 GBPJPY=91 GBPUSD=92 USDCAD=85 USDCHF=50 USDJPY=70
12:56 AUDCAD=38 AUDCHF=80 AUDJPY=38 AUDUSD=89 CADCHF=62 CADJPY=83 CHFJPY=42 EURAUD=50 EURCAD=28 EURCHF=63 EURGBP=88 EURJPY=92 EURUSD=89 GBPAUD=85 GBPCAD=29 GBPCHF=91 GBPJPY=91 GBPUSD=92 USDCAD=85 USDCHF=50 USDJPY=70
12:57 AUDCAD=38 AUDCHF=89 AUDJPY=39 AUDUSD=92 CADCHF=61 CADJPY=83 CHFJPY=41 EURAUD=42 EURCAD=28 EURCHF=68 EURGBP=88 EURJPY=92 EURUSD=92 GBPAUD=83 GBPCAD=29 GBPCHF=91 GBPJPY=91 GBPUSD=92 USDCAD=92 USDCHF=45 USDJPY=70
12:58 AUDCAD=38 AUDCHF=89 AUDJPY=39 AUDUSD=92 CADCHF=61 CADJPY=83 CHFJPY=41 EURAUD=42 EURCAD=28 EURCHF=68 EURGBP=88 EURJPY=92 EURUSD=92 GBPAUD=83 GBPCAD=29 GBPCHF=91 GBPJPY=91 GBPUSD=92 USDCAD=92 USDCHF=45 USDJPY=70
12:59 AUDCAD=38 AUDCHF=89 AUDJPY=39 AUDUSD=92 CADCHF=61 CADJPY=83 CHFJPY=41 EURAUD=42 EURCAD=28 EURCHF=68 EURGBP=88 EURJPY=92 EURUSD=92 GBPAUD=83 GBPCAD=29 GBPCHF=91 GBPJPY=91 GBPUSD=92 USDCAD=92 USDCHF=45 USDJPY=70
13:00 AUDCAD=38 AUDCHF=92 AUDJPY=45 AUDUSD=92 CADCHF=56 CADJPY=78 CHFJPY=39 EURAUD=35 EURCAD=28 EURCHF=71 EURGBP=92 EURJPY=90 EURUSD=92 GBPAUD=83 GBPCAD=28 GBPCHF=81 GBPJPY=89 GBPUSD=92 USDCAD=58 USDCHF=43 USDJPY=73
13:01 AUDCAD=38 AUDCHF=92 AUDJPY=45 AUDUSD=92 CADCHF=56 CADJPY=78 CHFJPY=39 EURAUD=35 EURCAD=28 EURCHF=71 EURGBP=92 EURJPY=90 EURUSD=92 GBPAUD=83 GBPCAD=28 GBPCHF=81 GBPJPY=89 GBPUSD=92 USDCAD=58 USDCHF=43 USDJPY=73
13:02 AUDCAD=38 AUDCHF=92 AUDJPY=45 AUDUSD=92 CADCHF=56 CADJPY=78 CHFJPY=39 EURAUD=35 EURCAD=28 EURCHF=71 EURGBP=92 EURJPY=90 EURUSD=92 GBPAUD=83 GBPCAD=28 GBPCHF=81 GBPJPY=89 GBPUSD=92 USDCAD=58 USDCHF=43 USDJPY=73
13:03 AUDCAD=38 AUDCHF=92 AUDJPY=43 AUDUSD=92 CADCHF=47 CADJPY=78 CHFJPY=37 EURAUD=37 EURCAD=28 EURCHF=81 EURGBP=92 EURJPY=90 EURUSD=92 GBPAUD=82 GBPCAD=28 GBPCHF=81 GBPJPY=89 GBPUSD=65 USDCAD=58 USDCHF=44 USDJPY=73
13:04 AUDCAD=38 AUDCHF=92 AUDJPY=43 AUDUSD=92 CADCHF=47 CADJPY=78 CHFJPY=37 EURAUD=37 EURCAD=28 EURCHF=81 EURGBP=92 EURJPY=90 EURUSD=92 GBPAUD=82 GBPCAD=28 GBPCHF=81 GBPJPY=89 GBPUSD=65 USDCAD=58 USDCHF=44 USDJPY=73
13:05 AUDCAD=38 AUDCHF=92 AUDJPY=40 AUDUSD=92 CADCHF=56 CADJPY=78 CHFJPY=35 EURAUD=44 EURCAD=28 EURCHF=79 EURGBP=92 EURJPY=90 EURUSD=92 GBPAUD=76 GBPCAD=28 GBPCHF=81 GBPJPY=89 GBPUSD=67 USDCAD=58 USDCHF=41 USDJPY=73
13:06 AUDCAD=38 AUDCHF=92 AUDJPY=40 AUDUSD=92 CADCHF=66 CADJPY=78 CHFJPY=36 EURAUD=47 EURCAD=28 EURCHF=78 EURGBP=92 EURJPY=90 EURUSD=92 GBPAUD=60 GBPCAD=28 GBPCHF=81 GBPJPY=89 GBPUSD=67 USDCAD=58 USDCHF=42 USDJPY=73
13:07 AUDCAD=38 AUDCHF=92 AUDJPY=40 AUDUSD=92 CADCHF=66 CADJPY=78 CHFJPY=36 EURAUD=47 EURCAD=28 EURCHF=78 EURGBP=92 EURJPY=90 EURUSD=92 GBPAUD=60 GBPCAD=28 GBPCHF=81 GBPJPY=89 GBPUSD=67 USDCAD=58 USDCHF=42 USDJPY=73
13:08 AUDCAD=38 AUDCHF=92 AUDJPY=40 AUDUSD=92 CADCHF=66 CADJPY=78 CHFJPY=36 EURAUD=47 EURCAD=28 EURCHF=78 EURGBP=92 EURJPY=90 EURUSD=92 GBPAUD=60 GBPCAD=28 GBPCHF=81 GBPJPY=89 GBPUSD=67 USDCAD=58 USDCHF=42 USDJPY=73
13:09:59 AUDCAD=38 AUDCHF=92 AUDJPY=43 AUDUSD=92 CADCHF=54 CADJPY=78 CHFJPY=37 EURAUD=42 EURCAD=28 EURCHF=78 EURGBP=92 EURJPY=90 EURUSD=92 GBPAUD=66 GBPCAD=38 GBPCHF=81 GBPJPY=89 GBPUSD=67 USDCAD=58 USDCHF=42 USDJPY=73
13:10:59 AUDCAD=38 AUDCHF=92 AUDJPY=41 AUDUSD=92 CADCHF=52 CADJPY=78 CHFJPY=36 EURAUD=44 EURCAD=28 EURCHF=78 EURGBP=92 EURJPY=90 EURUSD=92 GBPAUD=69 GBPCAD=45 GBPCHF=81 GBPJPY=89 GBPUSD=67 USDCAD=58 USDCHF=43 USDJPY=73
13:11:59 AUDCAD=38 AUDCHF=92 AUDJPY=41 AUDUSD=92 CADCHF=52 CADJPY=78 CHFJPY=36 EURAUD=44 EURCAD=28 EURCHF=78 EURGBP=92 EURJPY=90 EURUSD=92 GBPAUD=69 GBPCAD=45 GBPCHF=81 GBPJPY=89 GBPUSD=67 USDCAD=58 USDCHF=43 USDJPY=73
13:12:59 AUDCAD=38 AUDCHF=92 AUDJPY=39 AUDUSD=92 CADCHF=55 CADJPY=78 CHFJPY=40 EURAUD=44 EURCAD=28 EURCHF=69 EURGBP=92 EURJPY=90 EURUSD=92 GBPAUD=76 GBPCAD=49 GBPCHF=81 GBPJPY=89 GBPUSD=67 USDCAD=58 USDCHF=42 USDJPY=73
13:13:59 AUDCAD=38 AUDCHF=92 AUDJPY=39 AUDUSD=92 CADCHF=55 CADJPY=78 CHFJPY=40 EURAUD=44 EURCAD=28 EURCHF=69 EURGBP=92 EURJPY=90 EURUSD=92 GBPAUD=76 GBPCAD=49 GBPCHF=81 GBPJPY=89 GBPUSD=67 USDCAD=58 USDCHF=42 USDJPY=73
13:14:59 AUDCAD=38 AUDCHF=92 AUDJPY=39 AUDUSD=92 CADCHF=55 CADJPY=78 CHFJPY=40 EURAUD=44 EURCAD=28 EURCHF=69 EURGBP=92 EURJPY=90 EURUSD=92 GBPAUD=76 GBPCAD=49 GBPCHF=81 GBPJPY=89 GBPUSD=67 USDCAD=58 USDCHF=42 USDJPY=73
13:15:59 AUDCAD=38 AUDCHF=92 AUDJPY=37 AUDUSD=92 CADCHF=52 CADJPY=78 CHFJPY=47 EURAUD=45 EURCAD=28 EURCHF=72 EURGBP=92 EURJPY=90 EURUSD=92 GBPAUD=77 GBPCAD=57 GBPCHF=81 GBPJPY=89 GBPUSD=66 USDCAD=58 USDCHF=41 USDJPY=73
13:16:59 AUDCAD=38 AUDCHF=92 AUDJPY=37 AUDUSD=92 CADCHF=52 CADJPY=78 CHFJPY=47 EURAUD=45 EURCAD=28 EURCHF=72 EURGBP=92 EURJPY=90 EURUSD=92 GBPAUD=77 GBPCAD=57 GBPCHF=81 GBPJPY=89 GBPUSD=66 USDCAD=58 USDCHF=41 USDJPY=73
13:17:59 AUDCAD=38 AUDCHF=92 AUDJPY=37 AUDUSD=92 CADCHF=52 CADJPY=78 CHFJPY=47 EURAUD=45 EURCAD=28 EURCHF=72 EURGBP=92 EURJPY=90 EURUSD=92 GBPAUD=77 GBPCAD=57 GBPCHF=81 GBPJPY=89 GBPUSD=66 USDCAD=58 USDCHF=41 USDJPY=73
13:18:59 AUDCAD=38 AUDCHF=92 AUDJPY=31 AUDUSD=92 CADCHF=59 CADJPY=78 CHFJPY=55 EURAUD=45 EURCAD=28 EURCHF=82 EURGBP=92 EURJPY=90 EURUSD=92 GBPAUD=68 GBPCAD=56 GBPCHF=81 GBPJPY=89 GBPUSD=66 USDCAD=58 USDCHF=35 USDJPY=73
13:19:59 AUDCAD=38 AUDCHF=92 AUDJPY=31 AUDUSD=92 CADCHF=59 CADJPY=78 CHFJPY=55 EURAUD=45 EURCAD=28 EURCHF=82 EURGBP=92 EURJPY=90 EURUSD=92 GBPAUD=68 GBPCAD=56 GBPCHF=81 GBPJPY=89 GBPUSD=66 USDCAD=58 USDCHF=35 USDJPY=73
13:20:59 AUDCAD=38 AUDCHF=92 AUDJPY=34 AUDUSD=92 CADCHF=67 CADJPY=78 CHFJPY=62 EURAUD=45 EURCAD=28 EURCHF=86 EURGBP=92 EURJPY=90 EURUSD=92 GBPAUD=72 GBPCAD=64 GBPCHF=81 GBPJPY=89 GBPUSD=66 USDCAD=58 USDCHF=35 USDJPY=73
13:21:59 AUDCAD=38 AUDCHF=92 AUDJPY=43 AUDUSD=92 CADCHF=64 CADJPY=78 CHFJPY=71 EURAUD=45 EURCAD=28 EURCHF=90 EURGBP=92 EURJPY=90 EURUSD=92 GBPAUD=80 GBPCAD=68 GBPCHF=81 GBPJPY=89 GBPUSD=66 USDCAD=58 USDCHF=34 USDJPY=73
13:22:59 AUDCAD=38 AUDCHF=92 AUDJPY=43 AUDUSD=92 CADCHF=64 CADJPY=78 CHFJPY=71 EURAUD=45 EURCAD=28 EURCHF=90 EURGBP=92 EURJPY=90 EURUSD=92 GBPAUD=80 GBPCAD=68 GBPCHF=81 GBPJPY=89 GBPUSD=66 USDCAD=58 USDCHF=34 USDJPY=73
13:23:59 AUDCAD=38 AUDCHF=92 AUDJPY=43 AUDUSD=92 CADCHF=64 CADJPY=78 CHFJPY=71 EURAUD=45 EURCAD=28 EURCHF=90 EURGBP=92 EURJPY=90 EURUSD=92 GBPAUD=80 GBPCAD=68 GBPCHF=81 GBPJPY=89 GBPUSD=66 USDCAD=58 USDCHF=34 USDJPY=73
13:24:59 AUDCAD=38 AUDCHF=85 AUDJPY=50 AUDUSD=92 CADCHF=68 CADJPY=78 CHFJPY=79 EURAUD=46 EURCAD=28 EURCHF=92 EURGBP=92 EURJPY=90 EURUSD=92 GBPAUD=78 GBPCAD=72 GBPCHF=81 GBPJPY=89 GBPUSD=66 USDCAD=58 USDCHF=33 USDJPY=73
13:25:59 AUDCAD=38 AUDCHF=90 AUDJPY=48 AUDUSD=92 CADCHF=69 CADJPY=78 CHFJPY=84 EURAUD=46 EURCAD=28 EURCHF=92 EURGBP=92 EURJPY=90 EURUSD=92 GBPAUD=79 GBPCAD=74 GBPCHF=81 GBPJPY=89 GBPUSD=66 USDCAD=58 USDCHF=33 USDJPY=73
13:26:59 AUDCAD=38 AUDCHF=90 AUDJPY=48 AUDUSD=92 CADCHF=69 CADJPY=78 CHFJPY=84 EURAUD=46 EURCAD=28 EURCHF=92 EURGBP=92 EURJPY=90 EURUSD=92 GBPAUD=79 GBPCAD=74 GBPCHF=81 GBPJPY=89 GBPUSD=66 USDCAD=58 USDCHF=33 USDJPY=73
13:27:59 AUDCAD=38 AUDCHF=92 AUDJPY=54 AUDUSD=80 CADCHF=72 CADJPY=78 CHFJPY=90 EURAUD=46 EURCAD=28 EURCHF=28 EURGBP=92 EURJPY=90 EURUSD=92 GBPAUD=74 GBPCAD=74 GBPCHF=81 GBPJPY=89 GBPUSD=66 USDCAD=58 USDCHF=33 USDJPY=73
13:28:59 AUDCAD=38 AUDCHF=92 AUDJPY=54 AUDUSD=80 CADCHF=72 CADJPY=78 CHFJPY=90 EURAUD=46 EURCAD=28 EURCHF=28 EURGBP=92 EURJPY=90 EURUSD=92 GBPAUD=74 GBPCAD=74 GBPCHF=81 GBPJPY=89 GBPUSD=66 USDCAD=58 USDCHF=33 USDJPY=73
13:29:59 AUDCAD=38 AUDCHF=92 AUDJPY=54 AUDUSD=80 CADCHF=72 CADJPY=78 CHFJPY=90 EURAUD=46 EURCAD=28 EURCHF=28 EURGBP=92 EURJPY=90 EURUSD=92 GBPAUD=74 GBPCAD=74 GBPCHF=81 GBPJPY=89 GBPUSD=66 USDCAD=58 USDCHF=33 USDJPY=73
13:30:59 AUDCAD=38 AUDCHF=92 AUDJPY=61 AUDUSD=84 CADCHF=78 CADJPY=78 CHFJPY=90 EURAUD=48 EURCAD=28 EURCHF=29 EURGBP=92 EURJPY=90 EURUSD=92 GBPAUD=78 GBPCAD=74 GBPCHF=81 GBPJPY=89 GBPUSD=64 USDCAD=58 USDCHF=30 USDJPY=73
13:31:59 AUDCAD=38 AUDCHF=92 AUDJPY=61 AUDUSD=84 CADCHF=78 CADJPY=78 CHFJPY=90 EURAUD=48 EURCAD=28 EURCHF=29 EURGBP=92 EURJPY=90 EURUSD=92 GBPAUD=78 GBPCAD=74 GBPCHF=81 GBPJPY=89 GBPUSD=64 USDCAD=58 USDCHF=30 USDJPY=73
13:32:59 AUDCAD=38 AUDCHF=92 AUDJPY=61 AUDUSD=84 CADCHF=78 CADJPY=78 CHFJPY=90 EURAUD=48 EURCAD=28 EURCHF=29 EURGBP=92 EURJPY=90 EURUSD=92 GBPAUD=78 GBPCAD=74 GBPCHF=81 GBPJPY=89 GBPUSD=64 USDCAD=58 USDCHF=30 USDJPY=73
13:33:59 AUDCAD=38 AUDCHF=92 AUDJPY=67 AUDUSD=85 CADCHF=83 CADJPY=78 CHFJPY=61 EURAUD=53 EURCAD=33 EURCHF=29 EURGBP=92 EURJPY=90 EURUSD=92 GBPAUD=82 GBPCAD=74 GBPCHF=81 GBPJPY=89 GBPUSD=63 USDCAD=58 USDCHF=36 USDJPY=73
13:34:59 AUDCAD=38 AUDCHF=92 AUDJPY=67 AUDUSD=85 CADCHF=83 CADJPY=78 CHFJPY=61 EURAUD=53 EURCAD=33 EURCHF=29 EURGBP=92 EURJPY=90 EURUSD=92 GBPAUD=82 GBPCAD=74 GBPCHF=81 GBPJPY=89 GBPUSD=63 USDCAD=58 USDCHF=36 USDJPY=73
13:35:59 AUDCAD=38 AUDCHF=92 AUDJPY=75 AUDUSD=86 CADCHF=87 CADJPY=78 CHFJPY=54 EURAUD=60 EURCAD=42 EURCHF=29 EURGBP=92 EURJPY=90 EURUSD=92 GBPAUD=84 GBPCAD=74 GBPCHF=81 GBPJPY=83 GBPUSD=64 USDCAD=58 USDCHF=32 USDJPY=73
13:36:59 AUDCAD=38 AUDCHF=92 AUDJPY=78 AUDUSD=86 CADCHF=86 CADJPY=78 CHFJPY=58 EURAUD=68 EURCAD=48 EURCHF=29 EURGBP=92 EURJPY=90 EURUSD=92 GBPAUD=85 GBPCAD=73 GBPCHF=81 GBPJPY=83 GBPUSD=63 USDCAD=58 USDCHF=30 USDJPY=73
13:37:59 AUDCAD=38 AUDCHF=92 AUDJPY=78 AUDUSD=86 CADCHF=86 CADJPY=78 CHFJPY=58 EURAUD=68 EURCAD=48 EURCHF=29 EURGBP=92 EURJPY=90 EURUSD=92 GBPAUD=85 GBPCAD=73 GBPCHF=81 GBPJPY=83 GBPUSD=63 USDCAD=58 USDCHF=30 USDJPY=73
13:38:59 AUDCAD=38 AUDCHF=92 AUDJPY=78 AUDUSD=86 CADCHF=86 CADJPY=78 CHFJPY=58 EURAUD=68 EURCAD=48 EURCHF=29 EURGBP=92 EURJPY=90 EURUSD=92 GBPAUD=85 GBPCAD=73 GBPCHF=81 GBPJPY=83 GBPUSD=63 USDCAD=58 USDCHF=30 USDJPY=73
13:39:59 AUDCAD=38 AUDCHF=92 AUDJPY=78 AUDUSD=76 CADCHF=89 CADJPY=78 CHFJPY=65 EURAUD=75 EURCAD=56 EURCHF=29 EURGBP=92 EURJPY=90 EURUSD=92 GBPAUD=82 GBPCAD=73 GBPCHF=81 GBPJPY=83 GBPUSD=61 USDCAD=58 USDCHF=36 USDJPY=73
13:40:59 AUDCAD=38 AUDCHF=92 AUDJPY=78 AUDUSD=76 CADCHF=89 CADJPY=78 CHFJPY=71 EURAUD=78 EURCAD=62 EURCHF=29 EURGBP=92 EURJPY=90 EURUSD=92 GBPAUD=43 GBPCAD=73 GBPCHF=81 GBPJPY=83 GBPUSD=61 USDCAD=58 USDCHF=44 USDJPY=73
13:41:59 AUDCAD=38 AUDCHF=92 AUDJPY=78 AUDUSD=76 CADCHF=89 CADJPY=78 CHFJPY=71 EURAUD=78 EURCAD=62 EURCHF=29 EURGBP=92 EURJPY=90 EURUSD=92 GBPAUD=43 GBPCAD=73 GBPCHF=81 GBPJPY=83 GBPUSD=61 USDCAD=58 USDCHF=44 USDJPY=73
13:42:59 AUDCAD=38 AUDCHF=92 AUDJPY=78 AUDUSD=72 CADCHF=88 CADJPY=78 CHFJPY=49 EURAUD=79 EURCAD=68 EURCHF=29 EURGBP=92 EURJPY=90 EURUSD=92 GBPAUD=33 GBPCAD=58 GBPCHF=81 GBPJPY=83 GBPUSD=58 USDCAD=58 USDCHF=45 USDJPY=73
13:43:59 AUDCAD=38 AUDCHF=92 AUDJPY=78 AUDUSD=72 CADCHF=88 CADJPY=78 CHFJPY=49 EURAUD=79 EURCAD=68 EURCHF=29 EURGBP=92 EURJPY=90 EURUSD=92 GBPAUD=33 GBPCAD=58 GBPCHF=81 GBPJPY=83 GBPUSD=58 USDCAD=58 USDCHF=45 USDJPY=73
13:44:59 AUDCAD=38 AUDCHF=92 AUDJPY=78 AUDUSD=72 CADCHF=88 CADJPY=78 CHFJPY=49 EURAUD=79 EURCAD=68 EURCHF=29 EURGBP=92 EURJPY=90 EURUSD=92 GBPAUD=33 GBPCAD=58 GBPCHF=81 GBPJPY=83 GBPUSD=58 USDCAD=58 USDCHF=45 USDJPY=73
13:45:59 AUDCAD=38 AUDCHF=92 AUDJPY=78 AUDUSD=71 CADCHF=87 CADJPY=78 CHFJPY=46 EURAUD=81 EURCAD=77 EURCHF=29 EURGBP=92 EURJPY=90 EURUSD=92 GBPAUD=32 GBPCAD=65 GBPCHF=81 GBPJPY=82 GBPUSD=56 USDCAD=58 USDCHF=39 USDJPY=73
13:46:59 AUDCAD=38 AUDCHF=92 AUDJPY=78 AUDUSD=71 CADCHF=87 CADJPY=78 CHFJPY=46 EURAUD=81 EURCAD=77 EURCHF=29 EURGBP=92 EURJPY=90 EURUSD=92 GBPAUD=32 GBPCAD=65 GBPCHF=81 GBPJPY=82 GBPUSD=56 USDCAD=58 USDCHF=39 USDJPY=73
13:47:59 AUDCAD=38 AUDCHF=92 AUDJPY=78 AUDUSD=71 CADCHF=87 CADJPY=78 CHFJPY=46 EURAUD=81 EURCAD=77 EURCHF=29 EURGBP=92 EURJPY=90 EURUSD=92 GBPAUD=32 GBPCAD=65 GBPCHF=81 GBPJPY=82 GBPUSD=56 USDCAD=58 USDCHF=39 USDJPY=73
13:48:59 AUDCAD=38 AUDCHF=92 AUDJPY=78 AUDUSD=72 CADCHF=92 CADJPY=78 CHFJPY=54 EURAUD=81 EURCAD=82 EURCHF=28 EURGBP=92 EURJPY=85 EURUSD=92 GBPAUD=28 GBPCAD=75 GBPCHF=81 GBPJPY=71 GBPUSD=55 USDCAD=58 USDCHF=47 USDJPY=73
13:49:59 AUDCAD=38 AUDCHF=92 AUDJPY=78 AUDUSD=72 CADCHF=92 CADJPY=78 CHFJPY=54 EURAUD=81 EURCAD=82 EURCHF=28 EURGBP=92 EURJPY=85 EURUSD=92 GBPAUD=28 GBPCAD=75 GBPCHF=81 GBPJPY=71 GBPUSD=55 USDCAD=58 USDCHF=47 USDJPY=73
13:50:59 AUDCAD=38 AUDCHF=92 AUDJPY=78 AUDUSD=71 CADCHF=92 CADJPY=78 CHFJPY=57 EURAUD=81 EURCAD=87 EURCHF=28 EURGBP=92 EURJPY=83 EURUSD=92 GBPAUD=28 GBPCAD=78 GBPCHF=81 GBPJPY=69 GBPUSD=53 USDCAD=58 USDCHF=51 USDJPY=73
13:51:59 AUDCAD=38 AUDCHF=92 AUDJPY=78 AUDUSD=71 CADCHF=92 CADJPY=78 CHFJPY=61 EURAUD=81 EURCAD=90 EURCHF=28 EURGBP=92 EURJPY=82 EURUSD=92 GBPAUD=28 GBPCAD=85 GBPCHF=81 GBPJPY=69 GBPUSD=56 USDCAD=58 USDCHF=58 USDJPY=73
13:52:59 AUDCAD=38 AUDCHF=92 AUDJPY=78 AUDUSD=71 CADCHF=92 CADJPY=78 CHFJPY=61 EURAUD=81 EURCAD=90 EURCHF=28 EURGBP=92 EURJPY=82 EURUSD=92 GBPAUD=28 GBPCAD=85 GBPCHF=81 GBPJPY=69 GBPUSD=56 USDCAD=58 USDCHF=58 USDJPY=73
13:53:59 AUDCAD=38 AUDCHF=92 AUDJPY=78 AUDUSD=71 CADCHF=92 CADJPY=78 CHFJPY=61 EURAUD=81 EURCAD=90 EURCHF=28 EURGBP=92 EURJPY=82 EURUSD=92 GBPAUD=28 GBPCAD=85 GBPCHF=81 GBPJPY=69 GBPUSD=56 USDCAD=58 USDCHF=58 USDJPY=73
13:54:59 AUDCAD=38 AUDCHF=79 AUDJPY=78 AUDUSD=71 CADCHF=92 CADJPY=78 CHFJPY=68 EURAUD=81 EURCAD=90 EURCHF=28 EURGBP=92 EURJPY=87 EURUSD=92 GBPAUD=28 GBPCAD=89 GBPCHF=81 GBPJPY=70 GBPUSD=63 USDCAD=58 USDCHF=63 USDJPY=73
13:55:59 AUDCAD=38 AUDCHF=80 AUDJPY=78 AUDUSD=71 CADCHF=92 CADJPY=78 CHFJPY=71 EURAUD=81 EURCAD=90 EURCHF=29 EURGBP=92 EURJPY=90 EURUSD=92 GBPAUD=28 GBPCAD=89 GBPCHF=81 GBPJPY=69 GBPUSD=69 USDCAD=58 USDCHF=53 USDJPY=73
13:56:59 AUDCAD=38 AUDCHF=80 AUDJPY=78 AUDUSD=71 CADCHF=92 CADJPY=78 CHFJPY=71 EURAUD=81 EURCAD=90 EURCHF=29 EURGBP=92 EURJPY=90 EURUSD=92 GBPAUD=28 GBPCAD=89 GBPCHF=81 GBPJPY=69 GBPUSD=69 USDCAD=58 USDCHF=53 USDJPY=73
13:57:59 AUDCAD=38 AUDCHF=79 AUDJPY=78 AUDUSD=71 CADCHF=92 CADJPY=78 CHFJPY=71 EURAUD=81 EURCAD=89 EURCHF=28 EURGBP=92 EURJPY=90 EURUSD=92 GBPAUD=28 GBPCAD=89 GBPCHF=81 GBPJPY=68 GBPUSD=74 USDCAD=52 USDCHF=53 USDJPY=73
13:58:59 AUDCAD=38 AUDCHF=79 AUDJPY=78 AUDUSD=71 CADCHF=92 CADJPY=78 CHFJPY=71 EURAUD=81 EURCAD=89 EURCHF=28 EURGBP=92 EURJPY=90 EURUSD=92 GBPAUD=28 GBPCAD=89 GBPCHF=81 GBPJPY=68 GBPUSD=74 USDCAD=52 USDCHF=53 USDJPY=73
13:59:59 AUDCAD=38 AUDCHF=79 AUDJPY=78 AUDUSD=71 CADCHF=92 CADJPY=78 CHFJPY=71 EURAUD=81 EURCAD=89 EURCHF=28 EURGBP=92 EURJPY=90 EURUSD=92 GBPAUD=28 GBPCAD=89 GBPCHF=81 GBPJPY=68 GBPUSD=74 USDCAD=52 USDCHF=53 USDJPY=73
14:00:59 AUDCAD=45 AUDCHF=77 AUDJPY=86 AUDUSD=75 CADCHF=92 CADJPY=73 CHFJPY=64 EURAUD=81 EURCAD=87 EURCHF=28 EURGBP=92 EURJPY=78 EURUSD=86 GBPAUD=28 GBPCAD=91 GBPCHF=86 GBPJPY=69 GBPUSD=72 USDCAD=57 USDCHF=52 USDJPY=76
14:01:59 AUDCAD=45 AUDCHF=77 AUDJPY=86 AUDUSD=75 CADCHF=92 CADJPY=73 CHFJPY=64 EURAUD=81 EURCAD=87 EURCHF=28 EURGBP=92 EURJPY=78 EURUSD=86 GBPAUD=28 GBPCAD=91 GBPCHF=86 GBPJPY=69 GBPUSD=72 USDCAD=57 USDCHF=52 USDJPY=76
14:02:59 AUDCAD=45 AUDCHF=77 AUDJPY=86 AUDUSD=75 CADCHF=92 CADJPY=73 CHFJPY=64 EURAUD=81 EURCAD=87 EURCHF=28 EURGBP=92 EURJPY=78 EURUSD=86 GBPAUD=28 GBPCAD=91 GBPCHF=86 GBPJPY=69 GBPUSD=72 USDCAD=57 USDCHF=52 USDJPY=76
14:03:59 AUDCAD=48 AUDCHF=77 AUDJPY=89 AUDUSD=70 CADCHF=92 CADJPY=77 CHFJPY=68 EURAUD=81 EURCAD=87 EURCHF=28 EURGBP=92 EURJPY=78 EURUSD=86 GBPAUD=28 GBPCAD=91 GBPCHF=86 GBPJPY=68 GBPUSD=76 USDCAD=60 USDCHF=51 USDJPY=76
14:04:59 AUDCAD=48 AUDCHF=77 AUDJPY=89 AUDUSD=70 CADCHF=92 CADJPY=77 CHFJPY=68 EURAUD=81 EURCAD=87 EURCHF=28 EURGBP=92 EURJPY=78 EURUSD=86 GBPAUD=28 GBPCAD=91 GBPCHF=86 GBPJPY=68 GBPUSD=76 USDCAD=60 USDCHF=51 USDJPY=76
14:05:59 AUDCAD=52 AUDCHF=77 AUDJPY=92 AUDUSD=73 CADCHF=92 CADJPY=84 CHFJPY=72 EURAUD=81 EURCAD=88 EURCHF=29 EURGBP=92 EURJPY=78 EURUSD=86 GBPAUD=28 GBPCAD=48 GBPCHF=86 GBPJPY=67 GBPUSD=85 USDCAD=68 USDCHF=54 USDJPY=76
14:06:59 AUDCAD=57 AUDCHF=78 AUDJPY=92 AUDUSD=72 CADCHF=92 CADJPY=88 CHFJPY=80 EURAUD=81 EURCAD=88 EURCHF=29 EURGBP=92 EURJPY=78 EURUSD=86 GBPAUD=28 GBPCAD=45 GBPCHF=86 GBPJPY=67 GBPUSD=89 USDCAD=73 USDCHF=54 USDJPY=76
14:07:59 AUDCAD=57 AUDCHF=78 AUDJPY=92 AUDUSD=72 CADCHF=92 CADJPY=88 CHFJPY=80 EURAUD=81 EURCAD=88 EURCHF=29 EURGBP=92 EURJPY=78 EURUSD=86 GBPAUD=28 GBPCAD=45 GBPCHF=86 GBPJPY=67 GBPUSD=89 USDCAD=73 USDCHF=54 USDJPY=76
14:08:59 AUDCAD=57 AUDCHF=78 AUDJPY=92 AUDUSD=72 CADCHF=92 CADJPY=88 CHFJPY=80 EURAUD=81 EURCAD=88 EURCHF=29 EURGBP=92 EURJPY=78 EURUSD=86 GBPAUD=28 GBPCAD=45 GBPCHF=86 GBPJPY=67 GBPUSD=89 USDCAD=73 USDCHF=54 USDJPY=76
14:09:59 AUDCAD=58 AUDCHF=78 AUDJPY=92 AUDUSD=75 CADCHF=92 CADJPY=83 CHFJPY=85 EURAUD=81 EURCAD=87 EURCHF=29 EURGBP=92 EURJPY=78 EURUSD=86 GBPAUD=28 GBPCAD=52 GBPCHF=86 GBPJPY=68 GBPUSD=92 USDCAD=78 USDCHF=52 USDJPY=76
14:10:59 AUDCAD=58 AUDCHF=79 AUDJPY=92 AUDUSD=78 CADCHF=92 CADJPY=82 CHFJPY=84 EURAUD=81 EURCAD=87 EURCHF=29 EURGBP=92 EURJPY=78 EURUSD=86 GBPAUD=28 GBPCAD=55 GBPCHF=86 GBPJPY=68 GBPUSD=92 USDCAD=78 USDCHF=54 USDJPY=76
14:11:59 AUDCAD=58 AUDCHF=79 AUDJPY=92 AUDUSD=78 CADCHF=92 CADJPY=82 CHFJPY=84 EURAUD=81 EURCAD=87 EURCHF=29 EURGBP=92 EURJPY=78 EURUSD=86 GBPAUD=28 GBPCAD=55 GBPCHF=86 GBPJPY=68 GBPUSD=92 USDCAD=78 USDCHF=54 USDJPY=76
14:12:59 AUDCAD=55 AUDCHF=86 AUDJPY=92 AUDUSD=78 CADCHF=92 CADJPY=71 CHFJPY=84 EURAUD=81 EURCAD=87 EURCHF=29 EURGBP=92 EURJPY=78 EURUSD=86 GBPAUD=28 GBPCAD=55 GBPCHF=86 GBPJPY=68 GBPUSD=92 USDCAD=78 USDCHF=61 USDJPY=76
14:13:59 AUDCAD=55 AUDCHF=86 AUDJPY=92 AUDUSD=78 CADCHF=92 CADJPY=71 CHFJPY=84 EURAUD=81 EURCAD=87 EURCHF=29 EURGBP=92 EURJPY=78 EURUSD=86 GBPAUD=28 GBPCAD=55 GBPCHF=86 GBPJPY=68 GBPUSD=92 USDCAD=78 USDCHF=61 USDJPY=76
14:14:59 AUDCAD=55 AUDCHF=86 AUDJPY=92 AUDUSD=78 CADCHF=92 CADJPY=71 CHFJPY=84 EURAUD=81 EURCAD=87 EURCHF=29 EURGBP=92 EURJPY=78 EURUSD=86 GBPAUD=28 GBPCAD=55 GBPCHF=86 GBPJPY=68 GBPUSD=92 USDCAD=78 USDCHF=61 USDJPY=76
14:15:59 AUDCAD=61 AUDCHF=57 AUDJPY=92 AUDUSD=56 CADCHF=92 CADJPY=71 CHFJPY=78 EURAUD=81 EURCAD=92 EURCHF=37 EURGBP=92 EURJPY=78 EURUSD=86 GBPAUD=28 GBPCAD=35 GBPCHF=86 GBPJPY=72 GBPUSD=92 USDCAD=78 USDCHF=71 USDJPY=76
14:16:59 AUDCAD=61 AUDCHF=57 AUDJPY=92 AUDUSD=56 CADCHF=92 CADJPY=71 CHFJPY=78 EURAUD=81 EURCAD=92 EURCHF=37 EURGBP=92 EURJPY=78 EURUSD=86 GBPAUD=28 GBPCAD=35 GBPCHF=86 GBPJPY=72 GBPUSD=92 USDCAD=78 USDCHF=71 USDJPY=76
14:17:59 AUDCAD=61 AUDCHF=57 AUDJPY=92 AUDUSD=56 CADCHF=92 CADJPY=71 CHFJPY=78 EURAUD=81 EURCAD=92 EURCHF=37 EURGBP=92 EURJPY=78 EURUSD=86 GBPAUD=28 GBPCAD=35 GBPCHF=86 GBPJPY=72 GBPUSD=92 USDCAD=78 USDCHF=71 USDJPY=76
14:18:59 AUDCAD=69 AUDCHF=61 AUDJPY=92 AUDUSD=60 CADCHF=92 CADJPY=75 CHFJPY=83 EURAUD=81 EURCAD=92 EURCHF=44 EURGBP=92 EURJPY=78 EURUSD=86 GBPAUD=28 GBPCAD=38 GBPCHF=86 GBPJPY=73 GBPUSD=92 USDCAD=78 USDCHF=74 USDJPY=76
14:19:59 AUDCAD=69 AUDCHF=61 AUDJPY=92 AUDUSD=60 CADCHF=92 CADJPY=75 CHFJPY=83 EURAUD=81 EURCAD=92 EURCHF=44 EURGBP=92 EURJPY=78 EURUSD=86 GBPAUD=28 GBPCAD=38 GBPCHF=86 GBPJPY=73 GBPUSD=92 USDCAD=78 USDCHF=74 USDJPY=76
14:20:59 AUDCAD=75 AUDCHF=61 AUDJPY=92 AUDUSD=62 CADCHF=92 CADJPY=78 CHFJPY=84 EURAUD=81 EURCAD=92 EURCHF=48 EURGBP=92 EURJPY=78 EURUSD=86 GBPAUD=28 GBPCAD=38 GBPCHF=86 GBPJPY=66 GBPUSD=92 USDCAD=78 USDCHF=71 USDJPY=76
14:21:59 AUDCAD=85 AUDCHF=61 AUDJPY=92 AUDUSD=64 CADCHF=92 CADJPY=75 CHFJPY=87 EURAUD=81 EURCAD=92 EURCHF=57 EURGBP=92 EURJPY=78 EURUSD=86 GBPAUD=28 GBPCAD=38 GBPCHF=86 GBPJPY=65 GBPUSD=92 USDCAD=78 USDCHF=74 USDJPY=76
14:22:59 AUDCAD=85 AUDCHF=61 AUDJPY=92 AUDUSD=64 CADCHF=92 CADJPY=75 CHFJPY=87 EURAUD=81 EURCAD=92 EURCHF=57 EURGBP=92 EURJPY=78 EURUSD=86 GBPAUD=28 GBPCAD=38 GBPCHF=86 GBPJPY=65 GBPUSD=92 USDCAD=78 USDCHF=74 USDJPY=76
14:23:59 AUDCAD=85 AUDCHF=61 AUDJPY=92 AUDUSD=64 CADCHF=92 CADJPY=75 CHFJPY=87 EURAUD=81 EURCAD=92 EURCHF=57 EURGBP=92 EURJPY=78 EURUSD=86 GBPAUD=28 GBPCAD=38 GBPCHF=86 GBPJPY=65 GBPUSD=92 USDCAD=78 USDCHF=74 USDJPY=76
14:24:59 AUDCAD=91 AUDCHF=69 AUDJPY=92 AUDUSD=64 CADCHF=92 CADJPY=68 CHFJPY=89 EURAUD=81 EURCAD=92 EURCHF=63 EURGBP=92 EURJPY=78 EURUSD=86 GBPAUD=28 GBPCAD=38 GBPCHF=86 GBPJPY=70 GBPUSD=77 USDCAD=78 USDCHF=73 USDJPY=76
14:25:59 AUDCAD=92 AUDCHF=79 AUDJPY=92 AUDUSD=63 CADCHF=92 CADJPY=64 CHFJPY=88 EURAUD=81 EURCAD=92 EURCHF=63 EURGBP=89 EURJPY=78 EURUSD=86 GBPAUD=28 GBPCAD=38 GBPCHF=86 GBPJPY=75 GBPUSD=76 USDCAD=78 USDCHF=74 USDJPY=76
14:26:59 AUDCAD=92 AUDCHF=79 AUDJPY=92 AUDUSD=63 CADCHF=92 CADJPY=64 CHFJPY=88 EURAUD=81 EURCAD=92 EURCHF=63 EURGBP=89 EURJPY=78 EURUSD=86 GBPAUD=28 GBPCAD=38 GBPCHF=86 GBPJPY=75 GBPUSD=76 USDCAD=78 USDCHF=74 USDJPY=76
14:27:59 AUDCAD=92 AUDCHF=83 AUDJPY=92 AUDUSD=62 CADCHF=92 CADJPY=64 CHFJPY=89 EURAUD=81 EURCAD=92 EURCHF=69 EURGBP=90 EURJPY=78 EURUSD=86 GBPAUD=28 GBPCAD=38 GBPCHF=80 GBPJPY=73 GBPUSD=77 USDCAD=78 USDCHF=75 USDJPY=76
14:28:59 AUDCAD=92 AUDCHF=83 AUDJPY=92 AUDUSD=62 CADCHF=92 CADJPY=64 CHFJPY=89 EURAUD=81 EURCAD=92 EURCHF=69 EURGBP=90 EURJPY=78 EURUSD=86 GBPAUD=28 GBPCAD=38 GBPCHF=80 GBPJPY=73 GBPUSD=77 USDCAD=78 USDCHF=75 USDJPY=76
14:29:59 AUDCAD=92 AUDCHF=83 AUDJPY=92 AUDUSD=62 CADCHF=92 CADJPY=64 CHFJPY=89 EURAUD=81 EURCAD=92 EURCHF=69 EURGBP=90 EURJPY=78 EURUSD=86 GBPAUD=28 GBPCAD=38 GBPCHF=80 GBPJPY=73 GBPUSD=77 USDCAD=78 USDCHF=75 USDJPY=76
14:30:59 AUDCAD=92 AUDCHF=86 AUDJPY=92 AUDUSD=60 CADCHF=92 CADJPY=63 CHFJPY=90 EURAUD=81 EURCAD=92 EURCHF=73 EURGBP=89 EURJPY=78 EURUSD=86 GBPAUD=32 GBPCAD=38 GBPCHF=80 GBPJPY=78 GBPUSD=81 USDCAD=78 USDCHF=75 USDJPY=76
14:31:59 AUDCAD=92 AUDCHF=86 AUDJPY=92 AUDUSD=60 CADCHF=92 CADJPY=63 EURAUD=81 EURCAD=92 EURCHF=73 EURGBP=89 EURJPY=78 EURUSD=86 GBPAUD=32 GBPCAD=38 GBPCHF=80 GBPJPY=78 GBPUSD=81 USDCAD=78 USDCHF=75 USDJPY=76
14:32:59 AUDCAD=92 AUDCHF=86 AUDJPY=92 AUDUSD=60 CADCHF=92 CADJPY=63 EURAUD=81 EURCAD=92 EURCHF=73 EURGBP=89 EURJPY=78 EURUSD=86 GBPAUD=32 GBPCAD=38 GBPCHF=80 GBPJPY=78 GBPUSD=81 USDCAD=78 USDCHF=75 USDJPY=76
14:33:59 AUDCAD=92 AUDCHF=86 AUDJPY=92 AUDUSD=60 CADCHF=92 CADJPY=64 EURAUD=81 EURCAD=92 EURCHF=77 EURGBP=92 EURJPY=78 EURUSD=86 GBPAUD=37 GBPCAD=37 GBPCHF=81 GBPJPY=71 GBPUSD=86 USDCAD=78 USDCHF=83 USDJPY=76
14:34:59 AUDCAD=92 AUDCHF=86 AUDJPY=92 AUDUSD=60 CADCHF=92 CADJPY=64 EURAUD=81 EURCAD=92 EURCHF=77 EURGBP=92 EURJPY=78 EURUSD=86 GBPAUD=37 GBPCAD=37 GBPCHF=81 GBPJPY=71 GBPUSD=86 USDCAD=78 USDCHF=83 USDJPY=76
14:35:59 AUDCAD=92 AUDCHF=86 AUDJPY=92 AUDUSD=60 CADCHF=77 CADJPY=66 EURAUD=81 EURCAD=92 EURCHF=76 EURGBP=92 EURJPY=78 EURUSD=86 GBPAUD=45 GBPCAD=36 GBPCHF=77 GBPJPY=63 GBPUSD=92 USDCAD=78 USDCHF=89 USDJPY=76
14:36:59 AUDCAD=92 AUDCHF=86 AUDJPY=92 AUDUSD=61 CADCHF=75 CADJPY=66 EURAUD=81 EURCAD=92 EURCHF=65 EURGBP=92 EURJPY=78 EURUSD=86 GBPAUD=55 GBPCAD=36 GBPCHF=74 GBPJPY=62 GBPUSD=92 USDCAD=78 USDCHF=91 USDJPY=76
14:37:59 AUDCAD=92 AUDCHF=86 AUDJPY=92 AUDUSD=61 CADCHF=75 CADJPY=66 EURAUD=81 EURCAD=92 EURCHF=65 EURGBP=92 EURJPY=78 EURUSD=86 GBPAUD=55 GBPCAD=36 GBPCHF=74 GBPJPY=62 GBPUSD=92 USDCAD=78 USDCHF=91 USDJPY=76
14:38:59 AUDCAD=92 AUDCHF=86 AUDJPY=92 AUDUSD=61 CADCHF=75 CADJPY=66 EURAUD=81 EURCAD=92 EURCHF=65 EURGBP=92 EURJPY=78 EURUSD=86 GBPAUD=55 GBPCAD=36 GBPCHF=74 GBPJPY=62 GBPUSD=92 USDCAD=78 USDCHF=91 USDJPY=76
14:39:59 AUDCAD=92 AUDCHF=86 AUDJPY=92 AUDUSD=60 CADCHF=74 CADJPY=69 EURAUD=81 EURCAD=92 EURCHF=70 EURGBP=91 EURJPY=78 EURUSD=86 GBPAUD=56 GBPCAD=34 GBPCHF=78 GBPJPY=52 GBPUSD=92 USDCAD=78 USDCHF=89 USDJPY=76
14:40:59 AUDCAD=92 AUDCHF=86 AUDJPY=92 AUDUSD=60 CADCHF=74 CADJPY=70 EURAUD=81 EURCAD=92 EURCHF=78 EURGBP=90 EURJPY=78 EURUSD=86 GBPAUD=57 GBPCAD=34 GBPCHF=79 GBPJPY=56 GBPUSD=92 USDCAD=78 USDCHF=91 USDJPY=76
14:41:59 AUDCAD=92 AUDCHF=86 AUDJPY=92 AUDUSD=60 CADCHF=74 CADJPY=70 EURAUD=81 EURCAD=92 EURCHF=78 EURGBP=90 EURJPY=78 EURUSD=86 GBPAUD=57 GBPCAD=34 GBPCHF=79 GBPJPY=56 GBPUSD=92 USDCAD=78 USDCHF=91 USDJPY=76
14:42:59 AUDCAD=92 AUDCHF=86 AUDJPY=92 AUDUSD=58 CADCHF=74 CADJPY=68 EURAUD=81 EURCAD=92 EURCHF=82 EURGBP=90 EURJPY=78 EURUSD=86 GBPAUD=64 GBPCAD=34 GBPCHF=72 GBPJPY=55 GBPUSD=92 USDCAD=78 USDCHF=89 USDJPY=76
14:43:59 AUDCAD=92 AUDCHF=86 AUDJPY=92 AUDUSD=58 CADCHF=74 CADJPY=68 EURAUD=81 EURCAD=92 EURCHF=82 EURGBP=90 EURJPY=78 EURUSD=86 GBPAUD=64 GBPCAD=34 GBPCHF=72 GBPJPY=55 GBPUSD=92 USDCAD=78 USDCHF=89 USDJPY=76
14:44:59 AUDCAD=92 AUDCHF=86 AUDJPY=92 AUDUSD=58 CADCHF=74 CADJPY=68 EURAUD=81 EURCAD=92 EURCHF=82 EURGBP=90 EURJPY=78 EURUSD=86 GBPAUD=64 GBPCAD=34 GBPCHF=72 GBPJPY=55 GBPUSD=92 USDCAD=78 USDCHF=89 USDJPY=76
14:45:59 AUDCAD=92 AUDCHF=86 AUDJPY=77 AUDUSD=59 CADCHF=74 CADJPY=71 EURAUD=81 EURCAD=92 EURCHF=87 EURGBP=90 EURJPY=78 EURUSD=86 GBPAUD=70 GBPCAD=33 GBPCHF=72 GBPJPY=54 GBPUSD=92 USDCAD=78 USDCHF=84 USDJPY=76
14:46:59 AUDCAD=92 AUDCHF=86 AUDJPY=77 AUDUSD=59 CADCHF=74 CADJPY=71 EURAUD=81 EURCAD=92 EURCHF=87 EURGBP=90 EURJPY=78 EURUSD=86 GBPAUD=70 GBPCAD=33 GBPCHF=72 GBPJPY=54 GBPUSD=92 USDCAD=78 USDCHF=84 USDJPY=76
14:47:59 AUDCAD=92 AUDCHF=86 AUDJPY=77 AUDUSD=59 CADCHF=74 CADJPY=71 EURAUD=81 EURCAD=92 EURCHF=87 EURGBP=90 EURJPY=78 EURUSD=86 GBPAUD=70 GBPCAD=33 GBPCHF=72 GBPJPY=54 GBPUSD=92 USDCAD=78 USDCHF=84 USDJPY=76
14:48:59 AUDCAD=92 AUDCHF=86 AUDJPY=79 AUDUSD=57 CADCHF=73 CADJPY=78 EURAUD=81 EURCAD=92 EURCHF=87 EURGBP=89 EURJPY=78 EURUSD=86 GBPAUD=74 GBPCAD=32 GBPCHF=71 GBPJPY=49 GBPUSD=92 USDCAD=78 USDCHF=80 USDJPY=76
14:49:59 AUDCAD=92 AUDCHF=86 AUDJPY=79 AUDUSD=57 CADCHF=73 CADJPY=78 EURAUD=81 EURCAD=92 EURCHF=87 EURGBP=89 EURJPY=78 EURUSD=86 GBPAUD=74 GBPCAD=32 GBPCHF=71 GBPJPY=49 GBPUSD=92 USDCAD=78 USDCHF=80 USDJPY=76
14:50:59 AUDCAD=92 AUDCHF=86 AUDJPY=79 AUDUSD=63 CADCHF=73 CADJPY=80 EURAUD=81 EURCAD=92 EURCHF=87 EURGBP=89 EURJPY=78 EURUSD=86 GBPAUD=73 GBPCAD=31 GBPCHF=75 GBPJPY=45 GBPUSD=92 USDCAD=78 USDCHF=76 USDJPY=76
14:51:59 AUDCAD=92 AUDCHF=86 AUDJPY=78 AUDUSD=67 CADCHF=72 CADJPY=78 EURAUD=81 EURCAD=92 EURCHF=87 EURGBP=90 EURJPY=78 EURUSD=86 GBPAUD=73 GBPCAD=31 GBPCHF=76 GBPJPY=42 GBPUSD=92 USDCAD=78 USDCHF=77 USDJPY=76
14:52:59 AUDCAD=92 AUDCHF=86 AUDJPY=78 AUDUSD=67 CADCHF=72 CADJPY=78 EURAUD=81 EURCAD=92 EURCHF=87 EURGBP=90 EURJPY=78 EURUSD=86 GBPAUD=73 GBPCAD=31 GBPCHF=76 GBPJPY=42 GBPUSD=92 USDCAD=78 USDCHF=77 USDJPY=76
14:53:59 AUDCAD=92 AUDCHF=86 AUDJPY=78 AUDUSD=67 CADCHF=72 CADJPY=78 EURAUD=81 EURCAD=92 EURCHF=87 EURGBP=90 EURJPY=78 EURUSD=86 GBPAUD=73 GBPCAD=31 GBPCHF=76 GBPJPY=42 GBPUSD=92 USDCAD=78 USDCHF=77 USDJPY=76
14:54:59 AUDCAD=92 AUDCHF=86 AUDJPY=78 AUDUSD=68 CADCHF=69 CADJPY=78 EURAUD=81 EURCAD=92 EURCHF=87 EURGBP=86 EURJPY=78 EURUSD=86 GBPAUD=73 GBPCAD=32 GBPCHF=75 GBPJPY=46 GBPUSD=92 USDCAD=78 USDCHF=77 USDJPY=76
14:55:59 AUDCAD=92 AUDCHF=86 AUDJPY=77 AUDUSD=68 CADCHF=61 CADJPY=78 EURAUD=81 EURCAD=92 EURCHF=87 EURGBP=86 EURJPY=78 EURUSD=86 GBPAUD=73 GBPCAD=32 GBPCHF=71 GBPJPY=50 GBPUSD=92 USDCAD=78 USDCHF=72 USDJPY=76
14:56:59 AUDCAD=92 AUDCHF=86 AUDJPY=77 AUDUSD=68 CADCHF=61 CADJPY=78 EURAUD=81 EURCAD=92 EURCHF=87 EURGBP=86 EURJPY=78 EURUSD=86 GBPAUD=73 GBPCAD=32 GBPCHF=71 GBPJPY=50 GBPUSD=92 USDCAD=78 USDCHF=72 USDJPY=76
14:57:59 AUDCAD=92 AUDCHF=86 AUDJPY=77 AUDUSD=68 CADCHF=54 CADJPY=80 EURAUD=81 EURCAD=92 EURCHF=92 EURGBP=81 EURJPY=78 EURUSD=86 GBPAUD=68 GBPCAD=31 GBPCHF=70 GBPJPY=52 GBPUSD=92 USDCAD=78 USDCHF=66 USDJPY=76
14:58:59 AUDCAD=92 AUDCHF=86 AUDJPY=77 AUDUSD=68 CADCHF=54 CADJPY=80 EURAUD=81 EURCAD=92 EURCHF=92 EURGBP=81 EURJPY=78 EURUSD=86 GBPAUD=68 GBPCAD=31 GBPCHF=70 GBPJPY=52 GBPUSD=92 USDCAD=78 USDCHF=66 USDJPY=76
14:59:59 AUDCAD=92 AUDCHF=86 AUDJPY=77 AUDUSD=68 CADCHF=54 CADJPY=80 EURAUD=81 EURCAD=92 EURCHF=92 EURGBP=81 EURJPY=78 EURUSD=86 GBPAUD=68 GBPCAD=31 GBPCHF=70 GBPJPY=52 GBPUSD=92 USDCAD=78 USDCHF=66 USDJPY=76
15:00:59 AUDCAD=92 AUDCHF=92 AUDJPY=71 AUDUSD=75 CADCHF=54 CADJPY=88 EURAUD=85 EURCAD=88 EURCHF=92 EURGBP=73 EURJPY=78 EURUSD=92 GBPAUD=74 GBPCAD=31 GBPCHF=69 GBPJPY=56 GBPUSD=58 USDCAD=83 USDCHF=58 USDJPY=78
15:01:59 AUDCAD=92 AUDCHF=92 AUDJPY=71 AUDUSD=75 CADCHF=54 CADJPY=88 EURAUD=85 EURCAD=88 EURCHF=92 EURGBP=73 EURJPY=78 EURUSD=92 GBPAUD=74 GBPCAD=31 GBPCHF=69 GBPJPY=56 GBPUSD=58 USDCAD=83 USDCHF=58 USDJPY=78
15:02:59 AUDCAD=92 AUDCHF=92 AUDJPY=71 AUDUSD=75 CADCHF=54 CADJPY=88 EURAUD=85 EURCAD=88 EURCHF=92 EURGBP=73 EURJPY=78 EURUSD=92 GBPAUD=74 GBPCAD=31 GBPCHF=69 GBPJPY=56 GBPUSD=58 USDCAD=83 USDCHF=58 USDJPY=78
15:03:59 AUDCAD=92 AUDCHF=92 AUDJPY=69 AUDUSD=81 CADCHF=53 CADJPY=88 EURAUD=85 EURCAD=88 EURCHF=92 EURGBP=80 EURJPY=78 EURUSD=92 GBPAUD=78 GBPCAD=39 GBPCHF=74 GBPJPY=51 GBPUSD=58 USDCAD=85 USDCHF=58 USDJPY=78
15:04:59 AUDCAD=92 AUDCHF=92 AUDJPY=69 AUDUSD=81 CADCHF=53 CADJPY=88 EURAUD=85 EURCAD=88 EURCHF=92 EURGBP=80 EURJPY=78 EURUSD=92 GBPAUD=78 GBPCAD=39 GBPCHF=74 GBPJPY=51 GBPUSD=58 USDCAD=85 USDCHF=58 USDJPY=78
15:05:59 AUDCAD=92 AUDCHF=92 AUDJPY=68 AUDUSD=81 CADCHF=51 CADJPY=86 EURAUD=85 EURCAD=88 EURCHF=92 EURGBP=81 EURJPY=78 EURUSD=92 GBPAUD=82 GBPCAD=43 GBPCHF=72 GBPJPY=59 GBPUSD=58 USDCAD=85 USDCHF=58 USDJPY=78
15:06:59 AUDCAD=92 AUDCHF=92 AUDJPY=67 AUDUSD=81 CADCHF=51 CADJPY=88 EURAUD=85 EURCAD=88 EURCHF=92 EURGBP=80 EURJPY=78 EURUSD=92 GBPAUD=86 GBPCAD=49 GBPCHF=68 GBPJPY=58 GBPUSD=58 USDCAD=85 USDCHF=58 USDJPY=78
15:07:59 AUDCAD=92 AUDCHF=92 AUDJPY=67 AUDUSD=81 CADCHF=51 CADJPY=88 EURAUD=85 EURCAD=88 EURCHF=92 EURGBP=80 EURJPY=78 EURUSD=92 GBPAUD=86 GBPCAD=49 GBPCHF=68 GBPJPY=58 GBPUSD=58 USDCAD=85 USDCHF=58 USDJPY=78
15:08:59 AUDCAD=92 AUDCHF=92 AUDJPY=67 AUDUSD=81 CADCHF=51 CADJPY=88 EURAUD=85 EURCAD=88 EURCHF=92 EURGBP=80 EURJPY=78 EURUSD=92 GBPAUD=86 GBPCAD=49 GBPCHF=68 GBPJPY=58 GBPUSD=58 USDCAD=85 USDCHF=58 USDJPY=78
15:09:59 AUDCAD=92 AUDCHF=92 AUDJPY=64 AUDUSD=81 CADCHF=50 CADJPY=59 EURAUD=85 EURCAD=88 EURCHF=92 EURGBP=80 EURJPY=78 EURUSD=92 GBPAUD=87 GBPCAD=56 GBPCHF=45 GBPJPY=63 GBPUSD=58 USDCAD=85 USDCHF=58 USDJPY=78
15:10:59 AUDCAD=92 AUDCHF=92 AUDJPY=63 AUDUSD=81 CADCHF=50 CADJPY=63 EURAUD=85 EURCAD=88 EURCHF=92 EURGBP=80 EURJPY=78 EURUSD=92 GBPAUD=89 GBPCAD=60 GBPCHF=50 GBPJPY=65 GBPUSD=58 USDCAD=85 USDCHF=58 USDJPY=78
15:11:59 AUDCAD=92 AUDCHF=92 AUDJPY=63 AUDUSD=81 CADCHF=50 CADJPY=63 EURAUD=85 EURCAD=88 EURCHF=92 EURGBP=80 EURJPY=78 EURUSD=92 GBPAUD=89 GBPCAD=60 GBPCHF=50 GBPJPY=65 GBPUSD=58 USDCAD=85 USDCHF=58 USDJPY=78
15:12:59 AUDCAD=92 AUDCHF=92 AUDJPY=62 AUDUSD=81 CADCHF=50 CADJPY=63 EURAUD=85 EURCAD=88 EURCHF=28 EURGBP=78 EURJPY=78 EURUSD=92 GBPAUD=92 GBPCAD=64 GBPCHF=57 GBPJPY=60 GBPUSD=58 USDCAD=83 USDCHF=58 USDJPY=78
15:13:59 AUDCAD=92 AUDCHF=92 AUDJPY=62 AUDUSD=81 CADCHF=50 CADJPY=63 EURAUD=85 EURCAD=88 EURCHF=28 EURGBP=78 EURJPY=78 EURUSD=92 GBPAUD=92 GBPCAD=64 GBPCHF=57 GBPJPY=60 GBPUSD=58 USDCAD=83 USDCHF=58 USDJPY=78
15:14:59 AUDCAD=92 AUDCHF=92 AUDJPY=62 AUDUSD=81 CADCHF=50 CADJPY=63 EURAUD=85 EURCAD=88 EURCHF=28 EURGBP=78 EURJPY=78 EURUSD=92 GBPAUD=92 GBPCAD=64 GBPCHF=57 GBPJPY=60 GBPUSD=58 USDCAD=83 USDCHF=58 USDJPY=78
15:15:59 AUDCAD=92 AUDCHF=82 AUDJPY=66 AUDUSD=81 CADCHF=49 CADJPY=65 EURAUD=85 EURCAD=88 EURCHF=29 EURGBP=83 EURJPY=78 EURUSD=92 GBPAUD=91 GBPCAD=71 GBPCHF=66 GBPJPY=58 GBPUSD=58 USDCAD=78 USDCHF=58 USDJPY=78
15:16:59 AUDCAD=92 AUDCHF=82 AUDJPY=66 AUDUSD=81 CADCHF=49 CADJPY=65 EURAUD=85 EURCAD=88 EURCHF=29 EURGBP=83 EURJPY=78 EURUSD=92 GBPAUD=91 GBPCAD=71 GBPCHF=66 GBPJPY=58 GBPUSD=58 USDCAD=78 USDCHF=58 USDJPY=78
15:17:59 AUDCAD=92 AUDCHF=82 AUDJPY=66 AUDUSD=81 CADCHF=49 CADJPY=65 EURAUD=85 EURCAD=88 EURCHF=29 EURGBP=83 EURJPY=78 EURUSD=92 GBPAUD=91 GBPCAD=71 GBPCHF=66 GBPJPY=58 GBPUSD=58 USDCAD=78 USDCHF=58 USDJPY=78
15:18:59 AUDCAD=92 AUDCHF=88 AUDJPY=66 AUDUSD=81 CADCHF=47 CADJPY=70 EURAUD=85 EURCAD=88 EURCHF=28 EURGBP=87 EURJPY=78 EURUSD=92 GBPAUD=87 GBPCAD=75 GBPCHF=67 GBPJPY=53 GBPUSD=58 USDCAD=85 USDCHF=58 USDJPY=78
15:19:59 AUDCAD=92 AUDCHF=88 AUDJPY=66 AUDUSD=81 CADCHF=47 CADJPY=70 EURAUD=85 EURCAD=88 EURCHF=28 EURGBP=87 EURJPY=78 EURUSD=92 GBPAUD=87 GBPCAD=75 GBPCHF=67 GBPJPY=53 GBPUSD=58 USDCAD=85 USDCHF=58 USDJPY=78
15:20:59 AUDCAD=92 AUDCHF=90 AUDJPY=64 AUDUSD=81 CADCHF=43 CADJPY=74 EURAUD=85 EURCAD=88 EURCHF=29 EURGBP=80 EURJPY=78 EURUSD=92 GBPAUD=91 GBPCAD=80 GBPCHF=60 GBPJPY=50 GBPUSD=58 USDCAD=85 USDCHF=58 USDJPY=78
15:21:59 AUDCAD=92 AUDCHF=89 AUDJPY=64 AUDUSD=81 CADCHF=40 CADJPY=80 EURAUD=85 EURCAD=88 EURCHF=30 EURGBP=90 EURJPY=78 EURUSD=92 GBPAUD=92 GBPCAD=81 GBPCHF=59 GBPJPY=48 GBPUSD=58 USDCAD=71 USDCHF=58 USDJPY=78
15:22:59 AUDCAD=92 AUDCHF=89 AUDJPY=64 AUDUSD=81 CADCHF=40 CADJPY=80 EURAUD=85 EURCAD=88 EURCHF=30 EURGBP=90 EURJPY=78 EURUSD=92 GBPAUD=92 GBPCAD=81 GBPCHF=59 GBPJPY=48 GBPUSD=58 USDCAD=71 USDCHF=58 USDJPY=78
15:23:59 AUDCAD=92 AUDCHF=89 AUDJPY=64 AUDUSD=81 CADCHF=40 CADJPY=80 EURAUD=85 EURCAD=88 EURCHF=30 EURGBP=90 EURJPY=78 EURUSD=92 GBPAUD=92 GBPCAD=81 GBPCHF=59 GBPJPY=48 GBPUSD=58 USDCAD=71 USDCHF=58 USDJPY=78
15:24:59 AUDCAD=92 AUDCHF=88 AUDJPY=63 AUDUSD=81 CADCHF=43 CADJPY=78 EURAUD=85 EURCAD=88 EURCHF=30 EURGBP=92 EURJPY=78 EURUSD=92 GBPAUD=92 GBPCAD=80 GBPCHF=66 GBPJPY=46 GBPUSD=58 USDCAD=57 USDCHF=58 USDJPY=78
15:25:59 AUDCAD=92 AUDCHF=77 AUDJPY=63 AUDUSD=81 CADCHF=45 CADJPY=77 EURAUD=85 EURCAD=88 EURCHF=30 EURGBP=92 EURJPY=78 EURUSD=92 GBPAUD=92 GBPCAD=80 GBPCHF=69 GBPJPY=48 GBPUSD=58 USDCAD=55 USDCHF=58 USDJPY=78
15:26:59 AUDCAD=92 AUDCHF=77 AUDJPY=63 AUDUSD=81 CADCHF=45 CADJPY=77 EURAUD=85 EURCAD=88 EURCHF=30 EURGBP=92 EURJPY=78 EURUSD=92 GBPAUD=92 GBPCAD=80 GBPCHF=69 GBPJPY=48 GBPUSD=58 USDCAD=55 USDCHF=58 USDJPY=78
15:27:59 AUDCAD=92 AUDCHF=78 AUDJPY=62 AUDUSD=81 CADCHF=44 CADJPY=79 EURAUD=85 EURCAD=88 EURCHF=30 EURGBP=92 EURJPY=78 EURUSD=92 GBPAUD=92 GBPCAD=80 GBPCHF=73 GBPJPY=48 GBPUSD=58 USDCAD=54 USDCHF=58 USDJPY=78
15:28:59 AUDCAD=92 AUDCHF=78 AUDJPY=62 AUDUSD=81 CADCHF=44 CADJPY=79 EURAUD=85 EURCAD=88 EURCHF=30 EURGBP=92 EURJPY=78 EURUSD=92 GBPAUD=92 GBPCAD=80 GBPCHF=73 GBPJPY=48 GBPUSD=58 USDCAD=54 USDCHF=58 USDJPY=78
15:29:59 AUDCAD=92 AUDCHF=78 AUDJPY=62 AUDUSD=81 CADCHF=44 CADJPY=79 EURAUD=85 EURCAD=88 EURCHF=30 EURGBP=92 EURJPY=78 EURUSD=92 GBPAUD=92 GBPCAD=80 GBPCHF=73 GBPJPY=48 GBPUSD=58 USDCAD=54 USDCHF=58 USDJPY=78
15:30:59 AUDCAD=92 AUDCHF=79 AUDJPY=65 AUDUSD=81 CADCHF=45 CADJPY=79 EURAUD=85 EURCAD=88 EURCHF=31 EURGBP=92 EURJPY=78 EURUSD=92 GBPAUD=92 GBPCAD=52 GBPCHF=74 GBPJPY=49 GBPUSD=58 USDCAD=48 USDCHF=58 USDJPY=78
15:31:59 AUDCAD=92 AUDCHF=79 AUDJPY=65 AUDUSD=81 CADCHF=45 CADJPY=79 EURAUD=85 EURCAD=88 EURCHF=31 EURGBP=92 EURJPY=78 EURUSD=92 GBPAUD=92 GBPCAD=52 GBPCHF=74 GBPJPY=49 GBPUSD=58 USDCAD=48 USDCHF=58 USDJPY=78
15:32:59 AUDCAD=92 AUDCHF=79 AUDJPY=65 AUDUSD=81 CADCHF=45 CADJPY=79 EURAUD=85 EURCAD=88 EURCHF=31 EURGBP=92 EURJPY=78 EURUSD=92 GBPAUD=92 GBPCAD=52 GBPCHF=74 GBPJPY=49 GBPUSD=58 USDCAD=48 USDCHF=58 USDJPY=78
15:33:59 AUDCAD=92 AUDCHF=80 AUDJPY=73 AUDUSD=81 CADCHF=41 CADJPY=76 EURAUD=85 EURCAD=88 EURCHF=31 EURGBP=92 EURJPY=78 EURUSD=92 GBPAUD=92 GBPCAD=59 GBPCHF=71 GBPJPY=48 GBPUSD=58 USDCAD=43 USDCHF=58 USDJPY=78
15:34:59 AUDCAD=92 AUDCHF=80 AUDJPY=73 AUDUSD=81 CADCHF=41 CADJPY=76 EURAUD=85 EURCAD=88 EURCHF=31 EURGBP=92 EURJPY=78 EURUSD=92 GBPAUD=92 GBPCAD=59 GBPCHF=71 GBPJPY=48 GBPUSD=58 USDCAD=43 USDCHF=58 USDJPY=78
15:35:59 AUDCAD=92 AUDCHF=80 AUDJPY=80 AUDUSD=81 CADCHF=36 CADJPY=79 EURAUD=85 EURCAD=88 EURCHF=32 EURGBP=92 EURJPY=78 EURUSD=72 GBPAUD=92 GBPCAD=57 GBPCHF=76 GBPJPY=50 GBPUSD=58 USDCAD=43 USDCHF=58 USDJPY=78
15:36:59 AUDCAD=92 AUDCHF=80 AUDJPY=73 AUDUSD=81 CADCHF=39 CADJPY=81 EURAUD=85 EURCAD=88 EURCHF=32 EURGBP=92 EURJPY=78 EURUSD=71 GBPAUD=92 GBPCAD=58 GBPCHF=77 GBPJPY=47 GBPUSD=58 USDCAD=42 USDCHF=58 USDJPY=78
15:37:59 AUDCAD=92 AUDCHF=80 AUDJPY=73 AUDUSD=81 CADCHF=39 CADJPY=81 EURAUD=85 EURCAD=88 EURCHF=32 EURGBP=92 EURJPY=78 EURUSD=71 GBPAUD=92 GBPCAD=58 GBPCHF=77 GBPJPY=47 GBPUSD=58 USDCAD=42 USDCHF=58 USDJPY=78
15:38:59 AUDCAD=92 AUDCHF=80 AUDJPY=73 AUDUSD=81 CADCHF=39 CADJPY=81 EURAUD=85 EURCAD=88 EURCHF=32 EURGBP=92 EURJPY=78 EURUSD=71 GBPAUD=92 GBPCAD=58 GBPCHF=77 GBPJPY=47 GBPUSD=58 USDCAD=42 USDCHF=58 USDJPY=78
15:39:59 AUDCAD=92 AUDCHF=80 AUDJPY=78 AUDUSD=81 CADCHF=39 CADJPY=76 EURAUD=85 EURCAD=88 EURCHF=30 EURGBP=92 EURJPY=78 EURUSD=71 GBPAUD=84 GBPCAD=56 GBPCHF=77 GBPJPY=47 GBPUSD=58 USDCAD=42 USDCHF=53 USDJPY=78
15:40:59 AUDCAD=92 AUDCHF=81 AUDJPY=78 AUDUSD=81 CADCHF=40 CADJPY=77 EURAUD=85 EURCAD=88 EURCHF=31 EURGBP=92 EURJPY=78 EURUSD=71 GBPAUD=81 GBPCAD=56 GBPCHF=71 GBPJPY=47 GBPUSD=58 USDCAD=42 USDCHF=57 USDJPY=78
15:41:59 AUDCAD=92 AUDCHF=81 AUDJPY=78 AUDUSD=81 CADCHF=40 CADJPY=77 EURAUD=85 EURCAD=88 EURCHF=31 EURGBP=92 EURJPY=78 EURUSD=71 GBPAUD=81 GBPCAD=56 GBPCHF=71 GBPJPY=47 GBPUSD=58 USDCAD=42 USDCHF=57 USDJPY=78
15:42:59 AUDCAD=92 AUDCHF=81 AUDJPY=78 AUDUSD=81 CADCHF=41 CADJPY=77 EURAUD=85 EURCAD=88 EURCHF=31 EURGBP=92 EURJPY=78 EURUSD=71 GBPAUD=80 GBPCAD=58 GBPCHF=69 GBPJPY=45 GBPUSD=58 USDCAD=38 USDCHF=50 USDJPY=78
15:43:59 AUDCAD=92 AUDCHF=81 AUDJPY=78 AUDUSD=81 CADCHF=41 CADJPY=77 EURAUD=85 EURCAD=88 EURCHF=31 EURGBP=92 EURJPY=78 EURUSD=71 GBPAUD=80 GBPCAD=58 GBPCHF=69 GBPJPY=45 GBPUSD=58 USDCAD=38 USDCHF=50 USDJPY=78
15:44:59 AUDCAD=92 AUDCHF=81 AUDJPY=78 AUDUSD=81 CADCHF=41 CADJPY=77 EURAUD=85 EURCAD=88 EURCHF=31 EURGBP=92 EURJPY=78 EURUSD=71 GBPAUD=80 GBPCAD=58 GBPCHF=69 GBPJPY=45 GBPUSD=58 USDCAD=38 USDCHF=50 USDJPY=78
15:45:59 AUDCAD=92 AUDCHF=80 AUDJPY=86 AUDUSD=81 CADCHF=51 CADJPY=72 EURAUD=85 EURCAD=88 EURCHF=31 EURGBP=92 EURJPY=78 EURUSD=71 GBPAUD=86 GBPCAD=59 GBPCHF=71 GBPJPY=43 GBPUSD=58 USDCAD=37 USDCHF=58 USDJPY=74
15:46:59 AUDCAD=92 AUDCHF=80 AUDJPY=86 AUDUSD=81 CADCHF=51 CADJPY=72 EURAUD=85 EURCAD=88 EURCHF=31 EURGBP=92 EURJPY=78 EURUSD=71 GBPAUD=86 GBPCAD=59 GBPCHF=71 GBPJPY=43 GBPUSD=58 USDCAD=37 USDCHF=58 USDJPY=74
15:47:59 AUDCAD=92 AUDCHF=80 AUDJPY=86 AUDUSD=81 CADCHF=51 CADJPY=72 EURAUD=85 EURCAD=88 EURCHF=31 EURGBP=92 EURJPY=78 EURUSD=71 GBPAUD=86 GBPCAD=59 GBPCHF=71 GBPJPY=43 GBPUSD=58 USDCAD=37 USDCHF=58 USDJPY=74
15:48:59 AUDCAD=92 AUDCHF=82 AUDJPY=86 AUDUSD=81 CADCHF=57 CADJPY=76 EURAUD=85 EURCAD=88 EURCHF=31 EURGBP=92 EURJPY=78 EURUSD=70 GBPAUD=86 GBPCAD=68 GBPCHF=78 GBPJPY=41 GBPUSD=58 USDCAD=37 USDCHF=58 USDJPY=77
15:49:59 AUDCAD=92 AUDCHF=82 AUDJPY=86 AUDUSD=81 CADCHF=57 CADJPY=76 EURAUD=85 EURCAD=88 EURCHF=31 EURGBP=92 EURJPY=78 EURUSD=70 GBPAUD=86 GBPCAD=68 GBPCHF=78 GBPJPY=41 GBPUSD=58 USDCAD=37 USDCHF=58 USDJPY=77
15:50:59 AUDCAD=92 AUDCHF=83 AUDJPY=86 AUDUSD=81 CADCHF=55 CADJPY=76 EURAUD=85 EURCAD=88 EURCHF=32 EURGBP=92 EURJPY=78 EURUSD=70 GBPAUD=84 GBPCAD=75 GBPCHF=70 GBPJPY=41 GBPUSD=58 USDCAD=37 USDCHF=58 USDJPY=75
15:51:59 AUDCAD=92 AUDCHF=83 AUDJPY=86 AUDUSD=81 CADCHF=51 CADJPY=76 EURAUD=85 EURCAD=88 EURCHF=31 EURGBP=92 EURJPY=78 EURUSD=70 GBPAUD=84 GBPCAD=75 GBPCHF=70 GBPJPY=41 GBPUSD=58 USDCAD=37 USDCHF=58 USDJPY=75
15:52:59 AUDCAD=92 AUDCHF=83 AUDJPY=86 AUDUSD=81 CADCHF=51 CADJPY=76 EURAUD=85 EURCAD=88 EURCHF=31 EURGBP=92 EURJPY=78 EURUSD=70 GBPAUD=84 GBPCAD=75 GBPCHF=70 GBPJPY=41 GBPUSD=58 USDCAD=37 USDCHF=58 USDJPY=75
15:53:59 AUDCAD=92 AUDCHF=83 AUDJPY=86 AUDUSD=81 CADCHF=51 CADJPY=76 EURAUD=85 EURCAD=88 EURCHF=31 EURGBP=92 EURJPY=78 EURUSD=70 GBPAUD=84 GBPCAD=75 GBPCHF=70 GBPJPY=41 GBPUSD=58 USDCAD=37 USDCHF=58 USDJPY=75
15:54:59 AUDCAD=92 AUDCHF=83 AUDJPY=86 AUDUSD=81 CADCHF=48 CADJPY=74 EURAUD=85 EURCAD=88 EURCHF=34 EURGBP=92 EURJPY=78 EURUSD=58 GBPAUD=87 GBPCAD=46 GBPCHF=77 GBPJPY=38 GBPUSD=58 USDCAD=37 USDCHF=58 USDJPY=71
15:55:59 AUDCAD=92 AUDCHF=74 AUDJPY=86 AUDUSD=81 CADCHF=48 CADJPY=71 EURAUD=85 EURCAD=88 EURCHF=34 EURGBP=92 EURJPY=78 EURUSD=58 GBPAUD=87 GBPCAD=49 GBPCHF=80 GBPJPY=38 GBPUSD=58 USDCAD=37 USDCHF=58 USDJPY=71
15:56:59 AUDCAD=92 AUDCHF=74 AUDJPY=86 AUDUSD=81 CADCHF=48 CADJPY=71 EURAUD=85 EURCAD=88 EURCHF=34 EURGBP=92 EURJPY=78 EURUSD=58 GBPAUD=87 GBPCAD=49 GBPCHF=80 GBPJPY=38 GBPUSD=58 USDCAD=37 USDCHF=58 USDJPY=71
15:57:59 AUDCAD=92 AUDCHF=74 AUDJPY=86 AUDUSD=81 CADCHF=56 CADJPY=75 EURAUD=85 EURCAD=88 EURCHF=32 EURGBP=92 EURJPY=78 EURUSD=58 GBPAUD=87 GBPCAD=53 GBPCHF=82 GBPJPY=35 GBPUSD=58 USDCAD=36 USDCHF=58 USDJPY=66
15:58:59 AUDCAD=92 AUDCHF=74 AUDJPY=86 AUDUSD=81 CADCHF=56 CADJPY=75 EURAUD=85 EURCAD=88 EURCHF=32 EURGBP=92 EURJPY=78 EURUSD=58 GBPAUD=87 GBPCAD=53 GBPCHF=82 GBPJPY=35 GBPUSD=58 USDCAD=36 USDCHF=58 USDJPY=66
15:59:59 AUDCAD=92 AUDCHF=74 AUDJPY=86 AUDUSD=81 CADCHF=56 CADJPY=75 EURAUD=85 EURCAD=88 EURCHF=32 EURGBP=92 EURJPY=78 EURUSD=58 GBPAUD=87 GBPCAD=53 GBPCHF=82 GBPJPY=35 GBPUSD=58 USDCAD=36 USDCHF=58 USDJPY=66
16:00:59 AUDCAD=88 AUDCHF=82 AUDJPY=90 AUDUSD=71 CADCHF=54 CADJPY=75 EURAUD=91 EURCAD=89 EURCHF=37 EURGBP=89 EURJPY=78 EURUSD=58 GBPAUD=92 GBPCAD=54 GBPCHF=80 GBPJPY=43 GBPUSD=67 USDCAD=43 USDCHF=65 USDJPY=68
16:01:59 AUDCAD=88 AUDCHF=82 AUDJPY=90 AUDUSD=71 CADCHF=54 CADJPY=75 EURAUD=91 EURCAD=89 EURCHF=37 EURGBP=89 EURJPY=78 EURUSD=58 GBPAUD=92 GBPCAD=54 GBPCHF=80 GBPJPY=43 GBPUSD=67 USDCAD=43 USDCHF=65 USDJPY=68
16:02:59 AUDCAD=88 AUDCHF=82 AUDJPY=90 AUDUSD=71 CADCHF=54 CADJPY=75 EURAUD=91 EURCAD=89 EURCHF=37 EURGBP=89 EURJPY=78 EURUSD=58 GBPAUD=92 GBPCAD=54 GBPCHF=80 GBPJPY=43 GBPUSD=67 USDCAD=43 USDCHF=65 USDJPY=68
16:03:59 AUDCAD=88 AUDCHF=90 AUDJPY=90 AUDUSD=74 CADCHF=59 CADJPY=58 EURAUD=92 EURCAD=89 EURCHF=43 EURGBP=89 EURJPY=78 EURUSD=58 GBPAUD=92 GBPCAD=50 GBPCHF=81 GBPJPY=53 GBPUSD=73 USDCAD=51 USDCHF=72 USDJPY=65
16:04:59 AUDCAD=88 AUDCHF=90 AUDJPY=90 AUDUSD=74 CADCHF=59 CADJPY=58 EURAUD=92 EURCAD=89 EURCHF=43 EURGBP=89 EURJPY=78 EURUSD=58 GBPAUD=92 GBPCAD=50 GBPCHF=81 GBPJPY=53 GBPUSD=73 USDCAD=51 USDCHF=72 USDJPY=65
16:05:59 AUDCAD=88 AUDCHF=86 AUDJPY=90 AUDUSD=79 CADCHF=64 CADJPY=57 EURAUD=92 EURCAD=89 EURCHF=47 EURGBP=89 EURJPY=78 EURUSD=58 GBPAUD=92 GBPCAD=49 GBPCHF=82 GBPJPY=59 GBPUSD=80 USDCAD=53 USDCHF=73 USDJPY=71
16:06:59 AUDCAD=88 AUDCHF=76 AUDJPY=90 AUDUSD=86 CADCHF=69 CADJPY=57 EURAUD=92 EURCAD=89 EURCHF=50 EURGBP=89 EURJPY=78 EURUSD=58 GBPAUD=92 GBPCAD=47 GBPCHF=82 GBPJPY=67 GBPUSD=86 USDCAD=49 USDCHF=72 USDJPY=68
16:07:59 AUDCAD=88 AUDCHF=76 AUDJPY=90 AUDUSD=86 CADCHF=69 CADJPY=57 EURAUD=92 EURCAD=89 EURCHF=50 EURGBP=89 EURJPY=78 EURUSD=58 GBPAUD=92 GBPCAD=47 GBPCHF=82 GBPJPY=67 GBPUSD=86 USDCAD=49 USDCHF=72 USDJPY=68
16:08:59 AUDCAD=88 AUDCHF=76 AUDJPY=90 AUDUSD=86 CADCHF=69 CADJPY=57 EURAUD=92 EURCAD=89 EURCHF=50 EURGBP=89 EURJPY=78 EURUSD=58 GBPAUD=92 GBPCAD=47 GBPCHF=82 GBPJPY=67 GBPUSD=86 USDCAD=49 USDCHF=72 USDJPY=68
16:09:59 AUDCAD=88 AUDCHF=77 AUDJPY=90 AUDUSD=87 CADCHF=68 CADJPY=58 EURAUD=92 EURCAD=89 EURCHF=43 EURGBP=89 EURJPY=78 EURUSD=58 GBPAUD=92 GBPCAD=48 GBPCHF=85 GBPJPY=65 GBPUSD=86 USDCAD=45 USDCHF=60 USDJPY=64
16:10:59 AUDCAD=88 AUDCHF=83 AUDJPY=90 AUDUSD=87 CADCHF=68 CADJPY=58 EURAUD=92 EURCAD=89 EURCHF=43 EURGBP=89 EURJPY=78 EURUSD=58 GBPAUD=92 GBPCAD=48 GBPCHF=85 GBPJPY=65 GBPUSD=86 USDCAD=51 USDCHF=56 USDJPY=66
16:11:59 AUDCAD=88 AUDCHF=83 AUDJPY=90 AUDUSD=87 CADCHF=68 CADJPY=58 EURAUD=92 EURCAD=89 EURCHF=43 EURGBP=89 EURJPY=78 EURUSD=58 GBPAUD=92 GBPCAD=48 GBPCHF=85 GBPJPY=65 GBPUSD=86 USDCAD=51 USDCHF=56 USDJPY=66
16:12:59 AUDCAD=88 AUDCHF=92 AUDJPY=90 AUDUSD=87 CADCHF=67 CADJPY=57 EURAUD=92 EURCAD=89 EURCHF=42 EURGBP=89 EURJPY=78 EURUSD=58 GBPAUD=92 GBPCAD=53 GBPCHF=85 GBPJPY=72 GBPUSD=57 USDCAD=54 USDCHF=55 USDJPY=68
16:13:59 AUDCAD=88 AUDCHF=92 AUDJPY=90 AUDUSD=87 CADCHF=67 CADJPY=57 EURAUD=92 EURCAD=89 EURCHF=42 EURGBP=89 EURJPY=78 EURUSD=58 GBPAUD=92 GBPCAD=53 GBPCHF=85 GBPJPY=72 GBPUSD=57 USDCAD=54 USDCHF=55 USDJPY=68
16:14:59 AUDCAD=88 AUDCHF=92 AUDJPY=90 AUDUSD=87 CADCHF=67 CADJPY=57 EURAUD=92 EURCAD=89 EURCHF=42 EURGBP=89 EURJPY=78 EURUSD=58 GBPAUD=92 GBPCAD=53 GBPCHF=85 GBPJPY=72 GBPUSD=57 USDCAD=54 USDCHF=55 USDJPY=68
16:15:59 AUDCAD=88 AUDCHF=92 AUDJPY=90 AUDUSD=87 CADCHF=71 CADJPY=57 EURAUD=92 EURCAD=89 EURCHF=48 EURGBP=89 EURJPY=78 EURUSD=58 GBPAUD=92 GBPCAD=57 GBPCHF=38 GBPJPY=78 GBPUSD=61 USDCAD=61 USDCHF=58 USDJPY=68
16:16:59 AUDCAD=88 AUDCHF=92 AUDJPY=90 AUDUSD=87 CADCHF=71 CADJPY=57 EURAUD=92 EURCAD=89 EURCHF=48 EURGBP=89 EURJPY=78 EURUSD=58 GBPAUD=92 GBPCAD=57 GBPCHF=38 GBPJPY=78 GBPUSD=61 USDCAD=61 USDCHF=58 USDJPY=68
16:17:59 AUDCAD=88 AUDCHF=92 AUDJPY=90 AUDUSD=87 CADCHF=71 CADJPY=57 EURAUD=92 EURCAD=89 EURCHF=48 EURGBP=89 EURJPY=78 EURUSD=58 GBPAUD=92 GBPCAD=57 GBPCHF=38 GBPJPY=78 GBPUSD=61 USDCAD=61 USDCHF=58 USDJPY=68
16:18:59 AUDCAD=88 AUDCHF=92 AUDJPY=90 AUDUSD=87 CADCHF=78 CADJPY=65 EURAUD=92 EURCAD=89 EURCHF=50 EURGBP=89 EURJPY=78 EURUSD=58 GBPAUD=41 GBPCAD=62 GBPCHF=40 GBPJPY=79 GBPUSD=65 USDCAD=67 USDCHF=64 USDJPY=70
16:19:59 AUDCAD=88 AUDCHF=92 AUDJPY=90 AUDUSD=87 CADCHF=78 CADJPY=65 EURAUD=92 EURCAD=89 EURCHF=50 EURGBP=89 EURJPY=78 EURUSD=58 GBPAUD=41 GBPCAD=62 GBPCHF=40 GBPJPY=79 GBPUSD=65 USDCAD=67 USDCHF=64 USDJPY=70
16:20:59 AUDCAD=88 AUDCHF=92 AUDJPY=90 AUDUSD=87 CADCHF=78 CADJPY=64 EURAUD=92 EURCAD=89 EURCHF=45 EURGBP=89 EURJPY=78 EURUSD=58 GBPAUD=38 GBPCAD=60 GBPCHF=43 GBPJPY=88 GBPUSD=71 USDCAD=71 USDCHF=71 USDJPY=67
16:21:59 AUDCAD=88 AUDCHF=92 AUDJPY=90 AUDUSD=84 CADCHF=79 CADJPY=65 EURAUD=92 EURCAD=89 EURCHF=40 EURGBP=89 EURJPY=78 EURUSD=58 GBPAUD=37 GBPCAD=61 GBPCHF=38 GBPJPY=89 GBPUSD=78 USDCAD=78 USDCHF=64 USDJPY=67
16:22:59 AUDCAD=88 AUDCHF=92 AUDJPY=90 AUDUSD=84 CADCHF=79 CADJPY=65 EURAUD=92 EURCAD=89 EURCHF=40 EURGBP=89 EURJPY=78 EURUSD=58 GBPAUD=37 GBPCAD=61 GBPCHF=38 GBPJPY=89 GBPUSD=78 USDCAD=78 USDCHF=64 USDJPY=67
16:23:59 AUDCAD=88 AUDCHF=92 AUDJPY=90 AUDUSD=84 CADCHF=79 CADJPY=65 EURAUD=92 EURCAD=89 EURCHF=40 EURGBP=89 EURJPY=78 EURUSD=58 GBPAUD=37 GBPCAD=61 GBPCHF=38 GBPJPY=89 GBPUSD=78 USDCAD=78 USDCHF=64 USDJPY=67
16:24:59 AUDCAD=88 AUDCHF=92 AUDJPY=90 AUDUSD=85 CADCHF=79 CADJPY=61 EURAUD=92 EURCAD=89 EURCHF=34 EURGBP=89 EURJPY=78 EURUSD=58 GBPAUD=38 GBPCAD=59 GBPCHF=35 GBPJPY=89 GBPUSD=86 USDCAD=83 USDCHF=65 USDJPY=64
16:25:59 AUDCAD=88 AUDCHF=92 AUDJPY=90 AUDUSD=86 CADCHF=79 CADJPY=62 EURAUD=92 EURCAD=89 EURCHF=35 EURGBP=89 EURJPY=78 EURUSD=58 GBPAUD=38 GBPCAD=59 GBPCHF=35 GBPJPY=89 GBPUSD=86 USDCAD=83 USDCHF=54 USDJPY=65
16:26:59 AUDCAD=88 AUDCHF=92 AUDJPY=90 AUDUSD=86 CADCHF=79 CADJPY=62 EURAUD=92 EURCAD=89 EURCHF=35 EURGBP=89 EURJPY=78 EURUSD=58 GBPAUD=38 GBPCAD=59 GBPCHF=35 GBPJPY=89 GBPUSD=86 USDCAD=83 USDCHF=54 USDJPY=65
16:27:59 AUDCAD=88 AUDCHF=92 AUDJPY=90 AUDUSD=87 CADCHF=87 CADJPY=63 EURAUD=92 EURCAD=89 EURCHF=37 EURGBP=89 EURJPY=78 EURUSD=58 GBPAUD=38 GBPCAD=59 GBPCHF=35 GBPJPY=89 GBPUSD=86 USDCAD=83 USDCHF=51 USDJPY=53
16:28:59 AUDCAD=88 AUDCHF=92 AUDJPY=90 AUDUSD=87 CADCHF=87 CADJPY=63 EURAUD=92 EURCAD=89 EURCHF=37 EURGBP=89 EURJPY=78 EURUSD=58 GBPAUD=38 GBPCAD=59 GBPCHF=35 GBPJPY=89 GBPUSD=86 USDCAD=83 USDCHF=51 USDJPY=53
16:29:59 AUDCAD=88 AUDCHF=92 AUDJPY=90 AUDUSD=87 CADCHF=87 CADJPY=63 EURAUD=92 EURCAD=89 EURCHF=37 EURGBP=89 EURJPY=78 EURUSD=58 GBPAUD=38 GBPCAD=59 GBPCHF=35 GBPJPY=89 GBPUSD=86 USDCAD=83 USDCHF=51 USDJPY=53
16:30:59 AUDCAD=88 AUDCHF=92 AUDJPY=90 AUDUSD=87 CADCHF=92 CADJPY=62 EURAUD=92 EURCAD=89 EURCHF=38 EURGBP=89 EURJPY=78 EURUSD=58 GBPAUD=38 GBPCAD=60 GBPCHF=35 GBPJPY=89 GBPUSD=86 USDCAD=83 USDCHF=36 USDJPY=62
16:31:59 AUDCAD=88 AUDCHF=92 AUDJPY=90 AUDUSD=87 CADCHF=92 CADJPY=62 EURAUD=92 EURCAD=89 EURCHF=38 EURGBP=89 EURJPY=78 EURUSD=58 GBPAUD=38 GBPCAD=60 GBPCHF=35 GBPJPY=89 GBPUSD=86 USDCAD=83 USDCHF=36 USDJPY=62
16:32:59 AUDCAD=88 AUDCHF=92 AUDJPY=90 AUDUSD=87 CADCHF=92 CADJPY=62 EURAUD=92 EURCAD=89 EURCHF=38 EURGBP=89 EURJPY=78 EURUSD=58 GBPAUD=38 GBPCAD=60 GBPCHF=35 GBPJPY=89 GBPUSD=86 USDCAD=83 USDCHF=36 USDJPY=62
16:33:59 AUDCAD=88 AUDCHF=92 AUDJPY=90 AUDUSD=87 CADCHF=92 CADJPY=63 EURAUD=92 EURCAD=89 EURCHF=33 EURGBP=89 EURJPY=78 EURUSD=58 GBPAUD=38 GBPCAD=57 GBPCHF=35 GBPJPY=89 GBPUSD=86 USDCAD=83 USDCHF=41 USDJPY=70
16:34:59 AUDCAD=88 AUDCHF=92 AUDJPY=90 AUDUSD=87 CADCHF=92 CADJPY=63 EURAUD=92 EURCAD=89 EURCHF=33 EURGBP=89 EURJPY=78 EURUSD=58 GBPAUD=38 GBPCAD=57 GBPCHF=35 GBPJPY=89 GBPUSD=86 USDCAD=83 USDCHF=41 USDJPY=70
16:35:59 AUDCAD=88 AUDCHF=92 AUDJPY=90 AUDUSD=86 CADCHF=92 CADJPY=61 EURAUD=92 EURCAD=89 EURCHF=32 EURGBP=89 EURJPY=78 EURUSD=58 GBPAUD=38 GBPCAD=57 GBPCHF=35 GBPJPY=89 GBPUSD=86 USDCAD=83 USDCHF=49 USDJPY=78
16:36:59 AUDCAD=88 AUDCHF=92 AUDJPY=90 AUDUSD=87 CADCHF=92 CADJPY=61 EURAUD=92 EURCAD=89 EURCHF=32 EURGBP=89 EURJPY=78 EURUSD=58 GBPAUD=38 GBPCAD=57 GBPCHF=35 GBPJPY=89 GBPUSD=86 USDCAD=83 USDCHF=54 USDJPY=78
16:37:59 AUDCAD=88 AUDCHF=92 AUDJPY=90 AUDUSD=87 CADCHF=92 CADJPY=61 EURAUD=92 EURCAD=89 EURCHF=32 EURGBP=89 EURJPY=78 EURUSD=58 GBPAUD=38 GBPCAD=57 GBPCHF=35 GBPJPY=89 GBPUSD=86 USDCAD=83 USDCHF=54 USDJPY=78
16:38:59 AUDCAD=88 AUDCHF=92 AUDJPY=90 AUDUSD=87 CADCHF=92 CADJPY=61 EURAUD=92 EURCAD=89 EURCHF=32 EURGBP=89 EURJPY=78 EURUSD=58 GBPAUD=38 GBPCAD=57 GBPCHF=35 GBPJPY=89 GBPUSD=86 USDCAD=83 USDCHF=54 USDJPY=78
16:39:59 AUDCAD=88 AUDCHF=92 AUDJPY=90 AUDUSD=87 CADCHF=92 CADJPY=65 EURAUD=92 EURCAD=89 EURCHF=36 EURGBP=89 EURJPY=78 EURUSD=62 GBPAUD=39 GBPCAD=56 GBPCHF=36 GBPJPY=89 GBPUSD=86 USDCAD=83 USDCHF=58 USDJPY=78
16:40:59 AUDCAD=88 AUDCHF=92 AUDJPY=90 AUDUSD=87 CADCHF=89 CADJPY=65 EURAUD=92 EURCAD=89 EURCHF=35 EURGBP=89 EURJPY=78 EURUSD=72 GBPAUD=39 GBPCAD=56 GBPCHF=36 GBPJPY=89 GBPUSD=86 USDCAD=83 USDCHF=64 USDJPY=78
16:41:59 AUDCAD=88 AUDCHF=92 AUDJPY=90 AUDUSD=87 CADCHF=89 CADJPY=65 EURAUD=92 EURCAD=89 EURCHF=35 EURGBP=89 EURJPY=78 EURUSD=72 GBPAUD=39 GBPCAD=56 GBPCHF=36 GBPJPY=89 GBPUSD=86 USDCAD=83 USDCHF=64 USDJPY=78
16:42:59 AUDCAD=88 AUDCHF=92 AUDJPY=90 AUDUSD=87 CADCHF=83 CADJPY=64 EURAUD=92 EURCAD=89 EURCHF=37 EURGBP=89 EURJPY=78 EURUSD=78 GBPAUD=39 GBPCAD=65 GBPCHF=36 GBPJPY=89 GBPUSD=86 USDCAD=83 USDCHF=58 USDJPY=78
16:43:59 AUDCAD=88 AUDCHF=92 AUDJPY=90 AUDUSD=87 CADCHF=83 CADJPY=64 EURAUD=92 EURCAD=89 EURCHF=37 EURGBP=89 EURJPY=78 EURUSD=78 GBPAUD=39 GBPCAD=65 GBPCHF=36 GBPJPY=89 GBPUSD=86 USDCAD=83 USDCHF=58 USDJPY=78
16:44:59 AUDCAD=88 AUDCHF=92 AUDJPY=90 AUDUSD=87 CADCHF=83 CADJPY=64 EURAUD=92 EURCAD=89 EURCHF=37 EURGBP=89 EURJPY=78 EURUSD=78 GBPAUD=39 GBPCAD=65 GBPCHF=36 GBPJPY=89 GBPUSD=86 USDCAD=83 USDCHF=58 USDJPY=78
16:45:59 AUDCAD=88 AUDCHF=92 AUDJPY=90 AUDUSD=87 CADCHF=82 CADJPY=64 EURAUD=92 EURCAD=89 EURCHF=31 EURGBP=89 EURJPY=78 EURUSD=78 GBPAUD=39 GBPCAD=70 GBPCHF=38 GBPJPY=89 GBPUSD=86 USDCAD=83 USDCHF=67 USDJPY=78
16:46:59 AUDCAD=88 AUDCHF=92 AUDJPY=90 AUDUSD=87 CADCHF=82 CADJPY=64 EURAUD=92 EURCAD=89 EURCHF=31 EURGBP=89 EURJPY=78 EURUSD=78 GBPAUD=39 GBPCAD=70 GBPCHF=38 GBPJPY=89 GBPUSD=86 USDCAD=83 USDCHF=67 USDJPY=78
16:47:59 AUDCAD=88 AUDCHF=92 AUDJPY=90 AUDUSD=87 CADCHF=82 CADJPY=64 EURAUD=92 EURCAD=89 EURCHF=31 EURGBP=89 EURJPY=78 EURUSD=78 GBPAUD=39 GBPCAD=70 GBPCHF=38 GBPJPY=89 GBPUSD=86 USDCAD=83 USDCHF=67 USDJPY=78
16:48:59 AUDCAD=88 AUDCHF=92 AUDJPY=90 AUDUSD=87 CADCHF=87 CADJPY=63 EURAUD=92 EURCAD=89 EURCHF=33 EURGBP=89 EURJPY=78 EURUSD=78 GBPAUD=38 GBPCAD=71 GBPCHF=38 GBPJPY=89 GBPUSD=86 USDCAD=83 USDCHF=67 USDJPY=78
16:49:59 AUDCAD=88 AUDCHF=92 AUDJPY=90 AUDUSD=87 CADCHF=87 CADJPY=63 EURAUD=92 EURCAD=89 EURCHF=33 EURGBP=89 EURJPY=78 EURUSD=78 GBPAUD=38 GBPCAD=71 GBPCHF=38 GBPJPY=89 GBPUSD=86 USDCAD=83 USDCHF=67 USDJPY=78
16:50:59 AUDCAD=88 AUDCHF=92 AUDJPY=90 AUDUSD=87 CADCHF=86 CADJPY=64 EURAUD=92 EURCAD=89 EURCHF=32 EURGBP=89 EURJPY=78 EURUSD=78 GBPAUD=38 GBPCAD=71 GBPCHF=39 GBPJPY=76 GBPUSD=86 USDCAD=83 USDCHF=64 USDJPY=78
16:51:59 AUDCAD=88 AUDCHF=92 AUDJPY=90 AUDUSD=87 CADCHF=86 CADJPY=68 EURAUD=92 EURCAD=89 EURCHF=30 EURGBP=89 EURJPY=78 EURUSD=78 GBPAUD=37 GBPCAD=72 GBPCHF=38 GBPJPY=76 GBPUSD=86 USDCAD=83 USDCHF=63 USDJPY=78
16:52:59 AUDCAD=88 AUDCHF=92 AUDJPY=90 AUDUSD=87 CADCHF=86 CADJPY=68 EURAUD=92 EURCAD=89 EURCHF=30 EURGBP=89 EURJPY=78 EURUSD=78 GBPAUD=37 GBPCAD=72 GBPCHF=38 GBPJPY=76 GBPUSD=86 USDCAD=83 USDCHF=63 USDJPY=78
16:53:59 AUDCAD=88 AUDCHF=92 AUDJPY=90 AUDUSD=87 CADCHF=86 CADJPY=68 EURAUD=92 EURCAD=89 EURCHF=30 EURGBP=89 EURJPY=78 EURUSD=78 GBPAUD=37 GBPCAD=72 GBPCHF=38 GBPJPY=76 GBPUSD=86 USDCAD=83 USDCHF=63 USDJPY=78
16:54:59 AUDCAD=88 AUDCHF=92 AUDJPY=90 AUDUSD=87 CADCHF=84 CADJPY=73 EURAUD=92 EURCAD=89 EURCHF=34 EURGBP=89 EURJPY=78 EURUSD=78 GBPAUD=34 GBPCAD=78 GBPCHF=37 GBPJPY=78 GBPUSD=86 USDCAD=83 USDCHF=73 USDJPY=78
16:55:59 AUDCAD=88 AUDCHF=92 AUDJPY=90 AUDUSD=87 CADCHF=84 CADJPY=77 EURAUD=92 EURCAD=89 EURCHF=41 EURGBP=89 EURJPY=78 EURUSD=78 GBPAUD=33 GBPCAD=84 GBPCHF=37 GBPJPY=79 GBPUSD=86 USDCAD=83 USDCHF=72 USDJPY=78
16:56:59 AUDCAD=88 AUDCHF=92 AUDJPY=90 AUDUSD=87 CADCHF=84 CADJPY=77 EURAUD=92 EURCAD=89 EURCHF=41 EURGBP=89 EURJPY=78 EURUSD=78 GBPAUD=33 GBPCAD=84 GBPCHF=37 GBPJPY=79 GBPUSD=86 USDCAD=83 USDCHF=72 USDJPY=78
16:57:59 AUDCAD=88 AUDCHF=92 AUDJPY=90 AUDUSD=87 CADCHF=84 CADJPY=77 EURAUD=92 EURCAD=89 EURCHF=42 EURGBP=89 EURJPY=78 EURUSD=78 GBPAUD=31 GBPCAD=88 GBPCHF=36 GBPJPY=81 GBPUSD=86 USDCAD=83 USDCHF=72 USDJPY=78
16:58:59 AUDCAD=88 AUDCHF=92 AUDJPY=90 AUDUSD=87 CADCHF=84 CADJPY=77 EURAUD=92 EURCAD=89 EURCHF=42 EURGBP=89 EURJPY=78 EURUSD=78 GBPAUD=31 GBPCAD=88 GBPCHF=36 GBPJPY=81 GBPUSD=86 USDCAD=83 USDCHF=72 USDJPY=78
16:59:59 AUDCAD=88 AUDCHF=92 AUDJPY=90 AUDUSD=87 CADCHF=84 CADJPY=77 EURAUD=92 EURCAD=89 EURCHF=42 EURGBP=89 EURJPY=78 EURUSD=78 GBPAUD=31 GBPCAD=88 GBPCHF=36 GBPJPY=81 GBPUSD=86 USDCAD=83 USDCHF=72 USDJPY=78
17:00:59 AUDCAD=87 AUDCHF=92 AUDJPY=89 AUDUSD=88 CADCHF=84 CADJPY=85 EURAUD=83 EURCAD=83 EURCHF=46 EURGBP=89 EURJPY=78 EURUSD=87 GBPAUD=30 GBPCAD=75 GBPCHF=35 GBPJPY=81 GBPUSD=86 USDCAD=88 USDCHF=76 USDJPY=83
17:01:59 AUDCAD=87 AUDCHF=92 AUDJPY=89 AUDUSD=88 CADCHF=84 CADJPY=85 EURAUD=83 EURCAD=83 EURCHF=46 EURGBP=89 EURJPY=78 EURUSD=87 GBPAUD=30 GBPCAD=75 GBPCHF=35 GBPJPY=81 GBPUSD=86 USDCAD=88 USDCHF=76 USDJPY=83
17:02:59 AUDCAD=87 AUDCHF=92 AUDJPY=89 AUDUSD=88 CADCHF=84 CADJPY=85 EURAUD=83 EURCAD=83 EURCHF=46 EURGBP=89 EURJPY=78 EURUSD=87 GBPAUD=30 GBPCAD=75 GBPCHF=35 GBPJPY=81 GBPUSD=86 USDCAD=88 USDCHF=76 USDJPY=83
17:03:59 AUDCAD=87 AUDCHF=92 AUDJPY=89 AUDUSD=88 CADCHF=90 CADJPY=92 EURAUD=83 EURCAD=83 EURCHF=51 EURGBP=89 EURJPY=78 EURUSD=91 GBPAUD=30 GBPCAD=72 GBPCHF=39 GBPJPY=78 GBPUSD=86 USDCAD=88 USDCHF=83 USDJPY=83
17:04:59 AUDCAD=87 AUDCHF=92 AUDJPY=89 AUDUSD=88 CADCHF=90 CADJPY=92 EURAUD=83 EURCAD=83 EURCHF=51 EURGBP=89 EURJPY=78 EURUSD=91 GBPAUD=30 GBPCAD=72 GBPCHF=39 GBPJPY=78 GBPUSD=86 USDCAD=88 USDCHF=83 USDJPY=83
17:05:59 AUDCAD=87 AUDCHF=92 AUDJPY=89 AUDUSD=88 CADCHF=90 CADJPY=92 EURAUD=83 EURCAD=83 EURCHF=60 EURGBP=89 EURJPY=78 EURUSD=92 GBPAUD=37 GBPCAD=72 GBPCHF=47 GBPJPY=78 GBPUSD=86 USDCAD=88 USDCHF=92 USDJPY=75
17:06:59 AUDCAD=87 AUDCHF=92 AUDJPY=89 AUDUSD=88 CADCHF=89 CADJPY=92 EURAUD=83 EURCAD=83 EURCHF=29 EURGBP=89 EURJPY=78 EURUSD=92 GBPAUD=46 GBPCAD=72 GBPCHF=51 GBPJPY=78 GBPUSD=86 USDCAD=88 USDCHF=92 USDJPY=75
17:07:59 AUDCAD=87 AUDCHF=92 AUDJPY=89 AUDUSD=88 CADCHF=89 CADJPY=92 EURAUD=83 EURCAD=83 EURCHF=29 EURGBP=89 EURJPY=78 EURUSD=92 GBPAUD=46 GBPCAD=72 GBPCHF=51 GBPJPY=78 GBPUSD=86 USDCAD=88 USDCHF=92 USDJPY=75
17:08:59 AUDCAD=87 AUDCHF=92 AUDJPY=89 AUDUSD=88 CADCHF=89 CADJPY=92 EURAUD=83 EURCAD=83 EURCHF=29 EURGBP=89 EURJPY=78 EURUSD=92 GBPAUD=46 GBPCAD=72 GBPCHF=51 GBPJPY=78 GBPUSD=86 USDCAD=88 USDCHF=92 USDJPY=75
17:09:59 AUDCAD=87 AUDCHF=92 AUDJPY=89 AUDUSD=88 CADCHF=65 CADJPY=92 EURAUD=83 EURCAD=83 EURCHF=36 EURGBP=89 EURJPY=78 EURUSD=92 GBPAUD=54 GBPCAD=72 GBPCHF=58 GBPJPY=78 GBPUSD=83 USDCAD=88 USDCHF=92 USDJPY=75
17:10:59 AUDCAD=87 AUDCHF=92 AUDJPY=89 AUDUSD=88 CADCHF=65 CADJPY=92 EURAUD=83 EURCAD=83 EURCHF=41 EURGBP=89 EURJPY=78 EURUSD=92 GBPAUD=58 GBPCAD=72 GBPCHF=67 GBPJPY=78 GBPUSD=83 USDCAD=88 USDCHF=92 USDJPY=78
17:11:59 AUDCAD=87 AUDCHF=92 AUDJPY=89 AUDUSD=88 CADCHF=65 CADJPY=92 EURAUD=83 EURCAD=83 EURCHF=41 EURGBP=89 EURJPY=78 EURUSD=92 GBPAUD=58 GBPCAD=72 GBPCHF=67 GBPJPY=78 GBPUSD=83 USDCAD=88 USDCHF=92 USDJPY=78
17:12:59 AUDCAD=87 AUDCHF=92 AUDJPY=89 AUDUSD=88 CADCHF=66 CADJPY=89 EURAUD=83 EURCAD=83 EURCHF=50 EURGBP=89 EURJPY=78 EURUSD=92 GBPAUD=66 GBPCAD=64 GBPCHF=73 GBPJPY=77 GBPUSD=86 USDCAD=80 USDCHF=92 USDJPY=82
17:13:59 AUDCAD=87 AUDCHF=92 AUDJPY=89 AUDUSD=88 CADCHF=66 CADJPY=89 EURAUD=83 EURCAD=83 EURCHF=50 EURGBP=89 EURJPY=78 EURUSD=92 GBPAUD=66 GBPCAD=64 GBPCHF=73 GBPJPY=77 GBPUSD=86 USDCAD=80 USDCHF=92 USDJPY=82
17:14:59 AUDCAD=87 AUDCHF=92 AUDJPY=89 AUDUSD=88 CADCHF=66 CADJPY=89 EURAUD=83 EURCAD=83 EURCHF=50 EURGBP=89 EURJPY=78 EURUSD=92 GBPAUD=66 GBPCAD=64 GBPCHF=73 GBPJPY=77 GBPUSD=86 USDCAD=80 USDCHF=92 USDJPY=82
17:20:59 AUDCAD=87 AUDCHF=92 AUDJPY=84 AUDUSD=88 CADCHF=65 CADJPY=90 EURAUD=83 EURCAD=83 EURCHF=70 EURGBP=89 EURJPY=78 EURUSD=92 GBPAUD=69 GBPCAD=61 GBPCHF=79 GBPJPY=68 GBPUSD=76 USDCAD=54 USDCHF=92 USDJPY=83
17:21:59 AUDCAD=87 AUDCHF=92 AUDJPY=83 AUDUSD=88 CADCHF=65 CADJPY=91 EURAUD=83 EURCAD=83 EURCHF=79 EURGBP=89 EURJPY=78 EURUSD=92 GBPAUD=73 GBPCAD=61 GBPCHF=87 GBPJPY=68 GBPUSD=78 USDCAD=54 USDCHF=92 USDJPY=83
17:22:59 AUDCAD=87 AUDCHF=92 AUDJPY=83 AUDUSD=88 CADCHF=65 CADJPY=91 EURAUD=83 EURCAD=83 EURCHF=79 EURGBP=89 EURJPY=78 EURUSD=92 GBPAUD=73 GBPCAD=61 GBPCHF=87 GBPJPY=68 GBPUSD=78 USDCAD=54 USDCHF=92 USDJPY=83
17:23:59 AUDCAD=87 AUDCHF=92 AUDJPY=83 AUDUSD=88 CADCHF=65 CADJPY=91 EURAUD=83 EURCAD=83 EURCHF=79 EURGBP=89 EURJPY=78 EURUSD=92 GBPAUD=73 GBPCAD=61 GBPCHF=87 GBPJPY=68 GBPUSD=78 USDCAD=54 USDCHF=92 USDJPY=83
17:24:59 AUDCAD=87 AUDCHF=92 AUDJPY=87 AUDUSD=88 CADCHF=61 CADJPY=92 EURAUD=83 EURCAD=83 EURCHF=89 EURGBP=89 EURJPY=78 EURUSD=92 GBPAUD=73 GBPCAD=66 GBPCHF=87 GBPJPY=67 GBPUSD=71 USDCAD=53 USDCHF=92 USDJPY=83
17:25:59 AUDCAD=87 AUDCHF=92 AUDJPY=80 AUDUSD=68 CADCHF=59 CADJPY=92 EURAUD=83 EURCAD=83 EURCHF=92 EURGBP=89 EURJPY=78 EURUSD=92 GBPAUD=73 GBPCAD=74 GBPCHF=87 GBPJPY=67 GBPUSD=71 USDCAD=53 USDCHF=92 USDJPY=83
17:26:59 AUDCAD=87 AUDCHF=92 AUDJPY=80 AUDUSD=68 CADCHF=59 CADJPY=92 EURAUD=83 EURCAD=83 EURCHF=92 EURGBP=89 EURJPY=78 EURUSD=92 GBPAUD=73 GBPCAD=74 GBPCHF=87 GBPJPY=67 GBPUSD=71 USDCAD=53 USDCHF=92 USDJPY=83
17:27:59 AUDCAD=87 AUDCHF=92 AUDJPY=80 AUDUSD=68 CADCHF=58 CADJPY=84 EURAUD=83 EURCAD=83 EURCHF=92 EURGBP=89 EURJPY=78 EURUSD=92 GBPAUD=73 GBPCAD=73 GBPCHF=87 GBPJPY=67 GBPUSD=69 USDCAD=53 USDCHF=92 USDJPY=83
17:28:59 AUDCAD=87 AUDCHF=92 AUDJPY=80 AUDUSD=68 CADCHF=58 CADJPY=84 EURAUD=83 EURCAD=83 EURCHF=92 EURGBP=89 EURJPY=78 EURUSD=92 GBPAUD=73 GBPCAD=73 GBPCHF=87 GBPJPY=67 GBPUSD=69 USDCAD=53 USDCHF=92 USDJPY=83
17:29:59 AUDCAD=87 AUDCHF=92 AUDJPY=80 AUDUSD=68 CADCHF=58 CADJPY=84 EURAUD=83 EURCAD=83 EURCHF=92 EURGBP=89 EURJPY=78 EURUSD=92 GBPAUD=73 GBPCAD=73 GBPCHF=87 GBPJPY=67 GBPUSD=69 USDCAD=53 USDCHF=92 USDJPY=83
17:30:59 AUDCAD=87 AUDCHF=92 AUDJPY=79 AUDUSD=68 CADCHF=61 CADJPY=90 EURAUD=83 EURCAD=83 EURCHF=68 EURGBP=89 EURJPY=78 EURUSD=92 GBPAUD=73 GBPCAD=69 GBPCHF=87 GBPJPY=52 GBPUSD=70 USDCAD=52 USDCHF=92 USDJPY=83
17:31:59 AUDCAD=87 AUDCHF=92 AUDJPY=79 AUDUSD=68 CADCHF=61 CADJPY=90 EURAUD=83 EURCAD=83 EURCHF=68 EURGBP=89 EURJPY=78 EURUSD=92 GBPAUD=73 GBPCAD=69 GBPCHF=87 GBPJPY=52 GBPUSD=70 USDCAD=52 USDCHF=92 USDJPY=83
17:32:59 AUDCAD=87 AUDCHF=92 AUDJPY=79 AUDUSD=68 CADCHF=61 CADJPY=90 EURAUD=83 EURCAD=83 EURCHF=68 EURGBP=89 EURJPY=78 EURUSD=92 GBPAUD=73 GBPCAD=69 GBPCHF=87 GBPJPY=52 GBPUSD=70 USDCAD=52 USDCHF=92 USDJPY=83
17:33:59 AUDCAD=87 AUDCHF=92 AUDJPY=84 AUDUSD=69 CADCHF=59 CADJPY=92 EURAUD=83 EURCAD=83 EURCHF=72 EURGBP=89 EURJPY=78 EURUSD=88 GBPAUD=72 GBPCAD=73 GBPCHF=87 GBPJPY=57 GBPUSD=70 USDCAD=48 USDCHF=92 USDJPY=83
17:34:59 AUDCAD=87 AUDCHF=92 AUDJPY=84 AUDUSD=69 CADCHF=59 CADJPY=92 EURAUD=83 EURCAD=83 EURCHF=72 EURGBP=89 EURJPY=78 EURUSD=88 GBPAUD=72 GBPCAD=73 GBPCHF=87 GBPJPY=57 GBPUSD=70 USDCAD=48 USDCHF=92 USDJPY=83
17:35:59 AUDCAD=87 AUDCHF=92 AUDJPY=89 AUDUSD=69 CADCHF=56 CADJPY=92 EURAUD=83 EURCAD=83 EURCHF=81 EURGBP=89 EURJPY=78 EURUSD=88 GBPAUD=72 GBPCAD=73 GBPCHF=87 GBPJPY=57 GBPUSD=71 USDCAD=42 USDCHF=92 USDJPY=83
17:36:59 AUDCAD=87 AUDCHF=92 AUDJPY=89 AUDUSD=69 CADCHF=50 CADJPY=92 EURAUD=83 EURCAD=83 EURCHF=88 EURGBP=89 EURJPY=78 EURUSD=91 GBPAUD=71 GBPCAD=69 GBPCHF=80 GBPJPY=57 GBPUSD=71 USDCAD=42 USDCHF=92 USDJPY=83
17:37:59 AUDCAD=87 AUDCHF=92 AUDJPY=89 AUDUSD=69 CADCHF=50 CADJPY=92 EURAUD=83 EURCAD=83 EURCHF=88 EURGBP=89 EURJPY=78 EURUSD=91 GBPAUD=71 GBPCAD=69 GBPCHF=80 GBPJPY=57 GBPUSD=71 USDCAD=42 USDCHF=92 USDJPY=83
17:38:59 AUDCAD=87 AUDCHF=92 AUDJPY=89 AUDUSD=69 CADCHF=50 CADJPY=92 EURAUD=83 EURCAD=83 EURCHF=88 EURGBP=89 EURJPY=78 EURUSD=91 GBPAUD=71 GBPCAD=69 GBPCHF=80 GBPJPY=57 GBPUSD=71 USDCAD=42 USDCHF=92 USDJPY=83
17:39:59 AUDCAD=87 AUDCHF=92 AUDJPY=89 AUDUSD=49 CADCHF=51 CADJPY=92 EURAUD=83 EURCAD=83 EURCHF=92 EURGBP=89 EURJPY=78 EURUSD=91 GBPAUD=69 GBPCAD=75 GBPCHF=84 GBPJPY=63 GBPUSD=70 USDCAD=38 USDCHF=70 USDJPY=83
17:40:59 AUDCAD=87 AUDCHF=92 AUDJPY=89 AUDUSD=53 CADCHF=52 CADJPY=92 EURAUD=83 EURCAD=83 EURCHF=92 EURGBP=89 EURJPY=78 EURUSD=91 GBPAUD=60 GBPCAD=80 GBPCHF=87 GBPJPY=72 GBPUSD=70 USDCAD=38 USDCHF=67 USDJPY=83
17:41:59 AUDCAD=87 AUDCHF=92 AUDJPY=89 AUDUSD=53 CADCHF=52 CADJPY=92 EURAUD=83 EURCAD=83 EURCHF=92 EURGBP=89 EURJPY=78 EURUSD=91 GBPAUD=60 GBPCAD=80 GBPCHF=87 GBPJPY=72 GBPUSD=70 USDCAD=38 USDCHF=67 USDJPY=83
17:42:59 AUDCAD=87 AUDCHF=92 AUDJPY=89 AUDUSD=56 CADCHF=53 CADJPY=92 EURAUD=83 EURCAD=83 EURCHF=92 EURGBP=89 EURJPY=78 EURUSD=90 GBPAUD=60 GBPCAD=80 GBPCHF=87 GBPJPY=81 GBPUSD=75 USDCAD=38 USDCHF=75 USDJPY=83
17:43:59 AUDCAD=87 AUDCHF=92 AUDJPY=89 AUDUSD=56 CADCHF=53 CADJPY=92 EURAUD=83 EURCAD=83 EURCHF=92 EURGBP=89 EURJPY=78 EURUSD=90 GBPAUD=60 GBPCAD=80 GBPCHF=87 GBPJPY=81 GBPUSD=75 USDCAD=38 USDCHF=75 USDJPY=83
17:44:59 AUDCAD=87 AUDCHF=92 AUDJPY=89 AUDUSD=56 CADCHF=53 CADJPY=92 EURAUD=83 EURCAD=83 EURCHF=92 EURGBP=89 EURJPY=78 EURUSD=90 GBPAUD=60 GBPCAD=80 GBPCHF=87 GBPJPY=81 GBPUSD=75 USDCAD=38 USDCHF=75 USDJPY=83
17:45:59 AUDCAD=87 AUDCHF=92 AUDJPY=89 AUDUSD=63 CADCHF=52 CADJPY=92 EURAUD=83 EURCAD=83 EURCHF=92 EURGBP=89 EURJPY=78 EURUSD=82 GBPAUD=61 GBPCAD=80 GBPCHF=87 GBPJPY=77 GBPUSD=85 USDCAD=37 USDCHF=80 USDJPY=83
17:46:59 AUDCAD=87 AUDCHF=92 AUDJPY=89 AUDUSD=63 CADCHF=52 CADJPY=92 EURAUD=83 EURCAD=83 EURCHF=92 EURGBP=89 EURJPY=78 EURUSD=82 GBPAUD=61 GBPCAD=80 GBPCHF=87 GBPJPY=77 GBPUSD=85 USDCAD=37 USDCHF=80 USDJPY=83
17:47:59 AUDCAD=87 AUDCHF=92 AUDJPY=89 AUDUSD=63 CADCHF=52 CADJPY=92 EURAUD=83 EURCAD=83 EURCHF=92 EURGBP=89 EURJPY=78 EURUSD=82 GBPAUD=61 GBPCAD=80 GBPCHF=87 GBPJPY=77 GBPUSD=85 USDCAD=37 USDCHF=80 USDJPY=83
17:48:59 AUDCAD=87 AUDCHF=92 AUDJPY=89 AUDUSD=67 CADCHF=47 CADJPY=92 EURAUD=83 EURCAD=83 EURCHF=92 EURGBP=89 EURJPY=78 EURUSD=78 GBPAUD=68 GBPCAD=80 GBPCHF=87 GBPJPY=81 GBPUSD=83 USDCAD=38 USDCHF=78 USDJPY=83
17:49:59 AUDCAD=87 AUDCHF=92 AUDJPY=89 AUDUSD=67 CADCHF=47 CADJPY=92 EURAUD=83 EURCAD=83 EURCHF=92 EURGBP=89 EURJPY=78 EURUSD=78 GBPAUD=68 GBPCAD=80 GBPCHF=87 GBPJPY=81 GBPUSD=83 USDCAD=38 USDCHF=78 USDJPY=83
17:50:59 AUDCAD=87 AUDCHF=92 AUDJPY=89 AUDUSD=76 CADCHF=43 CADJPY=92 EURAUD=83 EURCAD=83 EURCHF=92 EURGBP=89 EURJPY=78 EURUSD=84 GBPAUD=68 GBPCAD=80 GBPCHF=87 GBPJPY=86 GBPUSD=86 USDCAD=36 USDCHF=79 USDJPY=83
17:51:59 AUDCAD=87 AUDCHF=92 AUDJPY=89 AUDUSD=83 CADCHF=42 CADJPY=92 EURAUD=83 EURCAD=83 EURCHF=92 EURGBP=89 EURJPY=78 EURUSD=85 GBPAUD=73 GBPCAD=80 GBPCHF=87 GBPJPY=86 GBPUSD=86 USDCAD=38 USDCHF=79 USDJPY=83
17:52:59 AUDCAD=87 AUDCHF=92 AUDJPY=89 AUDUSD=83 CADCHF=42 CADJPY=92 EURAUD=83 EURCAD=83 EURCHF=92 EURGBP=89 EURJPY=78 EURUSD=85 GBPAUD=73 GBPCAD=80 GBPCHF=87 GBPJPY=86 GBPUSD=86 USDCAD=38 USDCHF=79 USDJPY=83
17:53:59 AUDCAD=87 AUDCHF=92 AUDJPY=89 AUDUSD=83 CADCHF=42 CADJPY=92 EURAUD=83 EURCAD=83 EURCHF=92 EURGBP=89 EURJPY=78 EURUSD=85 GBPAUD=73 GBPCAD=80 GBPCHF=87 GBPJPY=86 GBPUSD=86 USDCAD=38 USDCHF=79 USDJPY=83
17:54:59 AUDCAD=87 AUDCHF=92 AUDJPY=89 AUDUSD=88 CADCHF=43 CADJPY=92 EURAUD=83 EURCAD=83 EURCHF=92 EURJPY=78 EURUSD=84 GBPAUD=73 GBPCAD=80 GBPCHF=87 GBPJPY=86 GBPUSD=86 USDCAD=35 USDCHF=81 USDJPY=83
17:55:59 AUDCAD=87 AUDCHF=92 AUDJPY=85 AUDUSD=88 CADCHF=43 CADJPY=92 EURAUD=83 EURCAD=83 EURCHF=74 EURJPY=78 EURUSD=86 GBPAUD=50 GBPCAD=80 GBPCHF=87 GBPJPY=86 GBPUSD=86 USDCAD=36 USDCHF=81 USDJPY=83
17:56:59 AUDCAD=87 AUDCHF=92 AUDJPY=85 AUDUSD=88 CADCHF=43 CADJPY=92 EURAUD=83 EURCAD=83 EURCHF=74 EURJPY=78 EURUSD=86 GBPAUD=50 GBPCAD=80 GBPCHF=87 GBPJPY=86 GBPUSD=86 USDCAD=36 USDCHF=81 USDJPY=83
17:57:59 AUDCAD=86 AUDCHF=92 AUDJPY=89 AUDUSD=88 CADCHF=51 CADJPY=92 EURAUD=80 EURCAD=83 EURCHF=74 EURJPY=78 EURUSD=87 GBPAUD=51 GBPCAD=80 GBPCHF=87 GBPJPY=86 GBPUSD=86 USDCAD=38 USDCHF=80 USDJPY=83
17:58:59 AUDCAD=86 AUDCHF=92 AUDJPY=89 AUDUSD=88 CADCHF=51 CADJPY=92 EURAUD=80 EURCAD=83 EURCHF=74 EURJPY=78 EURUSD=87 GBPAUD=51 GBPCAD=80 GBPCHF=87 GBPJPY=86 GBPUSD=86 USDCAD=38 USDCHF=80 USDJPY=83
17:59:59 AUDCAD=86 AUDCHF=92 AUDJPY=89 AUDUSD=88 CADCHF=51 CADJPY=92 EURAUD=80 EURCAD=83 EURCHF=74 EURJPY=78 EURUSD=87 GBPAUD=51 GBPCAD=80 GBPCHF=87 GBPJPY=86 GBPUSD=86 USDCAD=38 USDCHF=80 USDJPY=83
18:00:59 AUDCAD=76 AUDCHF=82 AUDJPY=83 AUDUSD=84 CADJPY=91 EURAUD=72 EURCAD=81 EURCHF=68 EURGBP=76 EURJPY=81 EURUSD=86 GBPAUD=44 GBPCAD=83 GBPCHF=81 GBPJPY=86 GBPUSD=81 USDCAD=45 USDCHF=80 USDJPY=84
18:01:59 AUDCAD=76 AUDCHF=82 AUDJPY=83 AUDUSD=84 CADJPY=91 EURAUD=72 EURCAD=81 EURCHF=68 EURGBP=76 EURJPY=81 EURUSD=86 GBPAUD=44 GBPCAD=83 GBPCHF=81 GBPJPY=86 GBPUSD=81 USDCAD=45 USDCHF=80 USDJPY=84
18:02:59 AUDCAD=76 AUDCHF=82 AUDJPY=83 AUDUSD=84 CADJPY=91 EURAUD=72 EURCAD=81 EURCHF=68 EURGBP=76 EURJPY=81 EURUSD=86 GBPAUD=44 GBPCAD=83 GBPCHF=81 GBPJPY=86 GBPUSD=81 USDCAD=45 USDCHF=80 USDJPY=84
18:03:59 AUDCAD=76 AUDCHF=82 AUDJPY=83 AUDUSD=84 CADJPY=91 EURAUD=66 EURCAD=81 EURCHF=67 EURGBP=76 EURJPY=47 EURUSD=87 GBPAUD=47 GBPCAD=83 GBPCHF=81 GBPJPY=86 GBPUSD=81 USDCAD=49 USDCHF=80 USDJPY=84
18:04:59 AUDCAD=76 AUDCHF=82 AUDJPY=83 AUDUSD=84 CADJPY=91 EURAUD=66 EURCAD=81 EURCHF=67 EURGBP=76 EURJPY=47 EURUSD=87 GBPAUD=47 GBPCAD=83 GBPCHF=81 GBPJPY=86 GBPUSD=81 USDCAD=49 USDCHF=80 USDJPY=84
18:05:59 AUDCAD=76 AUDCHF=82 AUDJPY=83 AUDUSD=84 CADCHF=69 CADJPY=91 EURAUD=69 EURCAD=81 EURCHF=67 EURGBP=76 EURJPY=46 EURUSD=88 GBPAUD=57 GBPCAD=83 GBPCHF=81 GBPJPY=86 GBPUSD=81 USDCAD=55 USDCHF=80 USDJPY=84
18:06:59 AUDCAD=76 AUDCHF=82 AUDJPY=83 AUDUSD=84 CADCHF=75 CADJPY=91 EURAUD=71 EURCAD=81 EURCHF=67 EURGBP=76 EURJPY=46 EURUSD=89 GBPAUD=64 GBPCAD=83 GBPCHF=81 GBPJPY=86 GBPUSD=78 USDCAD=62 USDCHF=80 USDJPY=84
18:07:59 AUDCAD=76 AUDCHF=82 AUDJPY=83 AUDUSD=84 CADCHF=75 CADJPY=91 EURAUD=71 EURCAD=81 EURCHF=67 EURGBP=76 EURJPY=46 EURUSD=89 GBPAUD=64 GBPCAD=83 GBPCHF=81 GBPJPY=86 GBPUSD=78 USDCAD=62 USDCHF=80 USDJPY=84
18:08:59 AUDCAD=76 AUDCHF=82 AUDJPY=83 AUDUSD=84 CADCHF=75 CADJPY=91 EURAUD=71 EURCAD=81 EURCHF=67 EURGBP=76 EURJPY=46 EURUSD=89 GBPAUD=64 GBPCAD=83 GBPCHF=81 GBPJPY=86 GBPUSD=78 USDCAD=62 USDCHF=80 USDJPY=84
18:09:59 AUDCAD=76 AUDCHF=82 AUDJPY=83 AUDUSD=84 CADCHF=79 CADJPY=91 EURAUD=60 EURCAD=81 EURCHF=67 EURGBP=76 EURJPY=49 EURUSD=85 GBPAUD=68 GBPCAD=83 GBPCHF=81 GBPJPY=86 GBPUSD=75 USDCAD=69 USDCHF=76 USDJPY=84
18:10:59 AUDCAD=76 AUDCHF=82 AUDJPY=83 AUDUSD=84 CADCHF=87 CADJPY=91 EURAUD=59 EURCAD=81 EURCHF=68 EURGBP=76 EURJPY=49 EURUSD=84 GBPAUD=75 GBPCAD=83 GBPCHF=81 GBPJPY=86 GBPUSD=77 USDCAD=76 USDCHF=77 USDJPY=84
18:11:59 AUDCAD=76 AUDCHF=82 AUDJPY=83 AUDUSD=84 CADCHF=87 CADJPY=91 EURAUD=59 EURCAD=81 EURCHF=68 EURGBP=76 EURJPY=49 EURUSD=84 GBPAUD=75 GBPCAD=83 GBPCHF=81 GBPJPY=86 GBPUSD=77 USDCAD=76 USDCHF=77 USDJPY=84
18:12:59 AUDCAD=76 AUDCHF=82 AUDJPY=83 AUDUSD=84 CADCHF=89 CADJPY=91 EURAUD=59 EURCAD=81 EURCHF=68 EURGBP=76 EURJPY=49 EURUSD=89 GBPAUD=73 GBPCAD=83 GBPCHF=81 GBPJPY=86 GBPUSD=81 USDCAD=79 USDCHF=77 USDJPY=84
18:13:59 AUDCAD=76 AUDCHF=82 AUDJPY=83 AUDUSD=84 CADCHF=89 CADJPY=91 EURAUD=59 EURCAD=81 EURCHF=68 EURGBP=76 EURJPY=49 EURUSD=89 GBPAUD=73 GBPCAD=83 GBPCHF=81 GBPJPY=86 GBPUSD=81 USDCAD=79 USDCHF=77 USDJPY=84
18:14:59 AUDCAD=76 AUDCHF=82 AUDJPY=83 AUDUSD=84 CADCHF=89 CADJPY=91 EURAUD=59 EURCAD=81 EURCHF=68 EURGBP=76 EURJPY=49 EURUSD=89 GBPAUD=73 GBPCAD=83 GBPCHF=81 GBPJPY=86 GBPUSD=81 USDCAD=79 USDCHF=77 USDJPY=84
18:15:59 AUDCAD=76 AUDCHF=82 AUDJPY=83 AUDUSD=84 CADCHF=89 CADJPY=91 EURAUD=58 EURCAD=81 EURCHF=69 EURGBP=76 EURJPY=49 EURUSD=86 GBPAUD=72 GBPCAD=83 GBPCHF=81 GBPJPY=86 GBPUSD=81 USDCAD=81 USDCHF=79 USDJPY=84
18:16:59 AUDCAD=76 AUDCHF=82 AUDJPY=83 AUDUSD=84 CADCHF=89 CADJPY=91 EURAUD=58 EURCAD=81 EURCHF=69 EURGBP=76 EURJPY=49 EURUSD=86 GBPAUD=72 GBPCAD=83 GBPCHF=81 GBPJPY=86 GBPUSD=81 USDCAD=81 USDCHF=79 USDJPY=84
18:17:59 AUDCAD=76 AUDCHF=82 AUDJPY=83 AUDUSD=84 CADCHF=89 CADJPY=91 EURAUD=58 EURCAD=81 EURCHF=69 EURGBP=76 EURJPY=49 EURUSD=86 GBPAUD=72 GBPCAD=83 GBPCHF=81 GBPJPY=86 GBPUSD=81 USDCAD=81 USDCHF=79 USDJPY=84
18:18:59 AUDCAD=76 AUDCHF=82 AUDJPY=83 AUDUSD=84 CADCHF=89 CADJPY=91 EURAUD=58 EURCAD=81 EURCHF=69 EURGBP=76 EURJPY=52 EURUSD=89 GBPAUD=71 GBPCAD=83 GBPCHF=81 GBPJPY=86 GBPUSD=81 USDCAD=81 USDCHF=78 USDJPY=84
18:19:59 AUDCAD=76 AUDCHF=82 AUDJPY=83 AUDUSD=84 CADCHF=89 CADJPY=91 EURAUD=58 EURCAD=81 EURCHF=69 EURGBP=76 EURJPY=52 EURUSD=89 GBPAUD=71 GBPCAD=83 GBPCHF=81 GBPJPY=86 GBPUSD=81 USDCAD=81 USDCHF=78 USDJPY=84
18:20:59 AUDCAD=76 AUDCHF=82 AUDJPY=83 AUDUSD=84 CADCHF=54 CADJPY=91 EURAUD=57 EURCAD=81 EURCHF=71 EURGBP=76 EURJPY=58 EURUSD=89 GBPAUD=71 GBPCAD=83 GBPCHF=81 GBPJPY=86 GBPUSD=81 USDCAD=81 USDCHF=79 USDJPY=84
18:21:59 AUDCAD=76 AUDCHF=82 AUDJPY=83 AUDUSD=84 CADCHF=48 CADJPY=91 EURAUD=57 EURCAD=81 EURCHF=71 EURGBP=76 EURJPY=63 EURUSD=89 GBPAUD=70 GBPCAD=83 GBPCHF=81 GBPJPY=86 GBPUSD=81 USDCAD=81 USDCHF=80 USDJPY=84
18:22:59 AUDCAD=76 AUDCHF=82 AUDJPY=83 AUDUSD=84 CADCHF=48 CADJPY=91 EURAUD=57 EURCAD=81 EURCHF=71 EURGBP=76 EURJPY=63 EURUSD=89 GBPAUD=70 GBPCAD=83 GBPCHF=81 GBPJPY=86 GBPUSD=81 USDCAD=81 USDCHF=80 USDJPY=84
18:23:59 AUDCAD=76 AUDCHF=82 AUDJPY=83 AUDUSD=84 CADCHF=48 CADJPY=91 EURAUD=57 EURCAD=81 EURCHF=71 EURGBP=76 EURJPY=63 EURUSD=89 GBPAUD=70 GBPCAD=83 GBPCHF=81 GBPJPY=86 GBPUSD=81 USDCAD=81 USDCHF=80 USDJPY=84
18:24:59 AUDCAD=76 AUDCHF=82 AUDJPY=83 AUDUSD=84 CADCHF=32 CADJPY=91 EURAUD=59 EURCAD=81 EURCHF=71 EURGBP=76 EURJPY=69 EURUSD=89 GBPAUD=72 GBPCAD=83 GBPCHF=81 GBPJPY=86 GBPUSD=81 USDCAD=81 USDCHF=70 USDJPY=84
18:25:59 AUDCAD=76 AUDCHF=82 AUDJPY=83 AUDUSD=84 CADCHF=33 CADJPY=91 EURAUD=63 EURCAD=81 EURCHF=71 EURGBP=76 EURJPY=77 EURUSD=89 GBPAUD=57 GBPCAD=83 GBPCHF=81 GBPJPY=86 GBPUSD=81 USDCAD=81 USDCHF=72 USDJPY=84
18:26:59 AUDCAD=76 AUDCHF=82 AUDJPY=83 AUDUSD=84 CADCHF=33 CADJPY=91 EURAUD=63 EURCAD=81 EURCHF=71 EURGBP=76 EURJPY=77 EURUSD=89 GBPAUD=57 GBPCAD=83 GBPCHF=81 GBPJPY=86 GBPUSD=81 USDCAD=81 USDCHF=72 USDJPY=84
18:27:59 AUDCAD=76 AUDCHF=82 AUDJPY=83 AUDUSD=84 CADCHF=33 CADJPY=91 EURAUD=63 EURCAD=81 EURCHF=71 EURGBP=76 EURJPY=81 EURUSD=89 GBPAUD=51 GBPCAD=83 GBPCHF=81 GBPJPY=86 GBPUSD=81 USDCAD=81 USDCHF=81 USDJPY=84
18:28:59 AUDCAD=76 AUDCHF=82 AUDJPY=83 AUDUSD=84 CADCHF=33 CADJPY=91 EURAUD=63 EURCAD=81 EURCHF=71 EURGBP=76 EURJPY=81 EURUSD=89 GBPAUD=51 GBPCAD=83 GBPCHF=81 GBPJPY=86 GBPUSD=81 USDCAD=81 USDCHF=81 USDJPY=84
18:29:59 AUDCAD=76 AUDCHF=82 AUDJPY=83 AUDUSD=84 CADCHF=33 CADJPY=91 EURAUD=63 EURCAD=81 EURCHF=71 EURGBP=76 EURJPY=81 EURUSD=89 GBPAUD=51 GBPCAD=83 GBPCHF=81 GBPJPY=86 GBPUSD=81 USDCAD=81 USDCHF=81 USDJPY=84
18:30:59 AUDCAD=66 AUDCHF=82 AUDJPY=83 AUDUSD=84 CADCHF=31 CADJPY=91 EURAUD=63 EURCAD=81 EURCHF=71 EURGBP=76 EURJPY=81 EURUSD=58 GBPAUD=50 GBPCAD=83 GBPCHF=81 GBPJPY=86 GBPUSD=81 USDCAD=81 USDCHF=81 USDJPY=84
18:31:59 AUDCAD=66 AUDCHF=82 AUDJPY=83 AUDUSD=84 CADCHF=31 CADJPY=91 EURAUD=63 EURCAD=81 EURCHF=71 EURGBP=76 EURJPY=81 EURUSD=58 GBPAUD=50 GBPCAD=83 GBPCHF=81 GBPJPY=86 GBPUSD=81 USDCAD=81 USDCHF=81 USDJPY=84
18:32:59 AUDCAD=66 AUDCHF=82 AUDJPY=83 AUDUSD=84 CADCHF=31 CADJPY=91 EURAUD=63 EURCAD=81 EURCHF=71 EURGBP=76 EURJPY=81 EURUSD=58 GBPAUD=50 GBPCAD=83 GBPCHF=81 GBPJPY=86 GBPUSD=81 USDCAD=81 USDCHF=81 USDJPY=84
18:33:59 AUDCAD=67 AUDCHF=82 AUDJPY=83 AUDUSD=84 CADCHF=29 CADJPY=91 EURAUD=54 EURCAD=81 EURCHF=71 EURGBP=76 EURJPY=81 EURUSD=58 GBPAUD=49 GBPCAD=83 GBPCHF=81 GBPJPY=86 GBPUSD=81 USDCAD=81 USDCHF=81 USDJPY=84
18:34:59 AUDCAD=67 AUDCHF=82 AUDJPY=83 AUDUSD=84 CADCHF=29 CADJPY=91 EURAUD=54 EURCAD=81 EURCHF=71 EURGBP=76 EURJPY=81 EURUSD=58 GBPAUD=49 GBPCAD=83 GBPCHF=81 GBPJPY=86 GBPUSD=81 USDCAD=81 USDCHF=81 USDJPY=84
18:35:59 AUDCAD=70 AUDCHF=82 AUDJPY=83 AUDUSD=84 CADCHF=32 CADJPY=91 EURAUD=57 EURCAD=81 EURCHF=71 EURGBP=76 EURJPY=81 EURUSD=68 GBPAUD=53 GBPCAD=83 GBPCHF=81 GBPJPY=86 GBPUSD=81 USDCAD=81 USDCHF=81 USDJPY=84
18:36:59 AUDCAD=63 AUDCHF=82 AUDJPY=83 AUDUSD=84 CADCHF=34 CADJPY=91 EURAUD=57 EURCAD=81 EURCHF=71 EURGBP=76 EURJPY=81 EURUSD=77 GBPAUD=53 GBPCAD=83 GBPCHF=81 GBPJPY=86 GBPUSD=81 USDCAD=81 USDCHF=81 USDJPY=84
18:37:59 AUDCAD=63 AUDCHF=82 AUDJPY=83 AUDUSD=84 CADCHF=34 CADJPY=91 EURAUD=57 EURCAD=81 EURCHF=71 EURGBP=76 EURJPY=81 EURUSD=77 GBPAUD=53 GBPCAD=83 GBPCHF=81 GBPJPY=86 GBPUSD=81 USDCAD=81 USDCHF=81 USDJPY=84
18:38:59 AUDCAD=63 AUDCHF=82 AUDJPY=83 AUDUSD=84 CADCHF=34 CADJPY=91 EURAUD=57 EURCAD=81 EURCHF=71 EURGBP=76 EURJPY=81 EURUSD=77 GBPAUD=53 GBPCAD=83 GBPCHF=81 GBPJPY=86 GBPUSD=81 USDCAD=81 USDCHF=81 USDJPY=84
18:39:59 AUDCAD=60 AUDCHF=82 AUDJPY=83 AUDUSD=84 CADCHF=39 CADJPY=91 EURAUD=59 EURCAD=81 EURCHF=71 EURGBP=76 EURJPY=81 EURUSD=83 GBPAUD=58 GBPCAD=59 GBPCHF=81 GBPJPY=86 GBPUSD=81 USDCAD=81 USDCHF=81 USDJPY=84
18:40:59 AUDCAD=52 AUDCHF=82 AUDJPY=83 AUDUSD=84 CADCHF=38 CADJPY=91 EURAUD=63 EURCAD=81 EURCHF=71 EURGBP=76 EURJPY=81 EURUSD=89 GBPAUD=66 GBPCAD=59 GBPCHF=81 GBPJPY=86 GBPUSD=81 USDCAD=81 USDCHF=81 USDJPY=84
18:41:59 AUDCAD=52 AUDCHF=82 AUDJPY=83 AUDUSD=84 CADCHF=38 CADJPY=91 EURAUD=63 EURCAD=81 EURCHF=71 EURGBP=76 EURJPY=81 EURUSD=89 GBPAUD=66 GBPCAD=59 GBPCHF=81 GBPJPY=86 GBPUSD=81 USDCAD=81 USDCHF=81 USDJPY=84
18:42:59 AUDCAD=53 AUDCHF=82 AUDJPY=83 AUDUSD=84 CADCHF=37 CADJPY=91 EURAUD=63 EURCAD=81 EURCHF=71 EURGBP=76 EURJPY=81 EURUSD=89 GBPAUD=69 GBPCAD=59 GBPCHF=81 GBPJPY=86 GBPUSD=81 USDCAD=81 USDCHF=81 USDJPY=84
18:43:59 AUDCAD=53 AUDCHF=82 AUDJPY=83 AUDUSD=84 CADCHF=37 CADJPY=91 EURAUD=63 EURCAD=81 EURCHF=71 EURGBP=76 EURJPY=81 EURUSD=89 GBPAUD=69 GBPCAD=59 GBPCHF=81 GBPJPY=86 GBPUSD=81 USDCAD=81 USDCHF=81 USDJPY=84
18:44:59 AUDCAD=53 AUDCHF=82 AUDJPY=83 AUDUSD=84 CADCHF=37 CADJPY=91 EURAUD=63 EURCAD=81 EURCHF=71 EURGBP=76 EURJPY=81 EURUSD=89 GBPAUD=69 GBPCAD=59 GBPCHF=81 GBPJPY=86 GBPUSD=81 USDCAD=81 USDCHF=81 USDJPY=84
18:45:59 AUDCAD=57 AUDCHF=82 AUDJPY=83 AUDUSD=84 CADCHF=37 CADJPY=91 EURAUD=72 EURCAD=81 EURCHF=71 EURGBP=73 EURJPY=75 EURUSD=89 GBPAUD=77 GBPCAD=58 GBPCHF=81 GBPJPY=86 GBPUSD=81 USDCAD=81 USDCHF=81 USDJPY=84
18:46:59 AUDCAD=57 AUDCHF=82 AUDJPY=83 AUDUSD=84 CADCHF=37 CADJPY=91 EURAUD=72 EURCAD=81 EURCHF=71 EURGBP=73 EURJPY=75 EURUSD=89 GBPAUD=77 GBPCAD=58 GBPCHF=81 GBPJPY=86 GBPUSD=81 USDCAD=81 USDCHF=81 USDJPY=84
18:47:59 AUDCAD=57 AUDCHF=82 AUDJPY=83 AUDUSD=84 CADCHF=37 CADJPY=91 EURAUD=72 EURCAD=81 EURCHF=71 EURGBP=73 EURJPY=75 EURUSD=89 GBPAUD=77 GBPCAD=58 GBPCHF=81 GBPJPY=86 GBPUSD=81 USDCAD=81 USDCHF=81 USDJPY=84
18:48:59 AUDCAD=62 AUDCHF=82 AUDJPY=83 AUDUSD=84 CADCHF=37 CADJPY=91 EURAUD=69 EURCAD=81 EURCHF=71 EURGBP=76 EURJPY=75 EURUSD=89 GBPAUD=75 GBPCAD=58 GBPCHF=81 GBPJPY=86 GBPUSD=81 USDCAD=81 USDCHF=80 USDJPY=84
18:49:59 AUDCAD=62 AUDCHF=82 AUDJPY=83 AUDUSD=84 CADCHF=37 CADJPY=91 EURAUD=69 EURCAD=81 EURCHF=71 EURGBP=76 EURJPY=75 EURUSD=89 GBPAUD=75 GBPCAD=58 GBPCHF=81 GBPJPY=86 GBPUSD=81 USDCAD=81 USDCHF=80 USDJPY=84
18:50:59 AUDCAD=69 AUDCHF=82 AUDJPY=83 AUDUSD=84 CADCHF=36 CADJPY=91 EURAUD=72 EURCAD=81 EURCHF=71 EURGBP=76 EURJPY=81 EURUSD=89 GBPAUD=76 GBPCAD=57 GBPCHF=81 GBPJPY=86 GBPUSD=81 USDCAD=81 USDCHF=74 USDJPY=84
18:51:59 AUDCAD=76 AUDCHF=82 AUDJPY=83 AUDUSD=82 CADCHF=36 CADJPY=91 EURAUD=74 EURCAD=81 EURCHF=71 EURGBP=76 EURJPY=81 EURUSD=89 GBPAUD=72 GBPCAD=57 GBPCHF=81 GBPJPY=86 GBPUSD=81 USDCAD=81 USDCHF=72 USDJPY=84
18:52:59 AUDCAD=76 AUDCHF=82 AUDJPY=83 AUDUSD=82 CADCHF=36 CADJPY=91 EURAUD=74 EURCAD=81 EURCHF=71 EURGBP=76 EURJPY=81 EURUSD=89 GBPAUD=72 GBPCAD=57 GBPCHF=81 GBPJPY=86 GBPUSD=81 USDCAD=81 USDCHF=72 USDJPY=84
18:53:59 AUDCAD=76 AUDCHF=82 AUDJPY=83 AUDUSD=82 CADCHF=36 CADJPY=91 EURAUD=74 EURCAD=81 EURCHF=71 EURGBP=76 EURJPY=81 EURUSD=89 GBPAUD=72 GBPCAD=57 GBPCHF=81 GBPJPY=86 GBPUSD=81 USDCAD=81 USDCHF=72 USDJPY=84
18:54:59 AUDCAD=65 AUDCHF=82 AUDJPY=83 AUDUSD=84 CADCHF=36 CADJPY=91 EURAUD=74 EURCAD=81 EURCHF=71 EURGBP=76 EURJPY=81 EURUSD=89 GBPAUD=70 GBPCAD=57 GBPCHF=81 GBPJPY=86 GBPUSD=81 USDCAD=81 USDCHF=68 USDJPY=84
18:55:59 AUDCAD=72 AUDCHF=82 AUDJPY=83 AUDUSD=84 CADCHF=36 CADJPY=91 EURAUD=74 EURCAD=81 EURCHF=71 EURGBP=76 EURJPY=81 EURUSD=89 GBPAUD=74 GBPCAD=57 GBPCHF=81 GBPJPY=86 GBPUSD=81 USDCAD=81 USDCHF=69 USDJPY=84
18:56:59 AUDCAD=72 AUDCHF=82 AUDJPY=83 AUDUSD=84 CADCHF=36 CADJPY=91 EURAUD=74 EURCAD=81 EURCHF=71 EURGBP=76 EURJPY=81 EURUSD=89 GBPAUD=74 GBPCAD=57 GBPCHF=81 GBPJPY=86 GBPUSD=81 USDCAD=81 USDCHF=69 USDJPY=84
18:57:59 AUDCAD=76 AUDCHF=82 AUDJPY=83 AUDUSD=84 CADCHF=35 CADJPY=91 EURAUD=77 EURCAD=81 EURCHF=71 EURGBP=74 EURJPY=81 EURUSD=89 GBPAUD=64 GBPCAD=49 GBPCHF=81 GBPJPY=86 GBPUSD=81 USDCAD=81 USDCHF=76 USDJPY=84
18:58:59 AUDCAD=76 AUDCHF=82 AUDJPY=83 AUDUSD=84 CADCHF=35 CADJPY=91 EURAUD=77 EURCAD=81 EURCHF=71 EURGBP=74 EURJPY=81 EURUSD=89 GBPAUD=64 GBPCAD=49 GBPCHF=81 GBPJPY=86 GBPUSD=81 USDCAD=81 USDCHF=76 USDJPY=84
18:59:59 AUDCAD=76 AUDCHF=82 AUDJPY=83 AUDUSD=84 CADCHF=35 CADJPY=91 EURAUD=77 EURCAD=81 EURCHF=71 EURGBP=74 EURJPY=81 EURUSD=89 GBPAUD=64 GBPCAD=49 GBPCHF=81 GBPJPY=86 GBPUSD=81 USDCAD=81 USDCHF=76 USDJPY=84
19:00:59 AUDCAD=86 AUDCHF=78 AUDJPY=87 AUDUSD=81 CADCHF=35 CADJPY=86 EURAUD=77 EURCAD=89 EURCHF=71 EURGBP=71 EURJPY=76 EURUSD=90 GBPAUD=60 GBPCAD=48 GBPCHF=90 GBPJPY=71 GBPUSD=88 USDCAD=76 USDCHF=78 USDJPY=91
19:01:59 AUDCAD=86 AUDCHF=78 AUDJPY=87 AUDUSD=81 CADCHF=35 CADJPY=86 EURAUD=77 EURCAD=89 EURCHF=71 EURGBP=71 EURJPY=76 EURUSD=90 GBPAUD=60 GBPCAD=48 GBPCHF=90 GBPJPY=71 GBPUSD=88 USDCAD=76 USDCHF=78 USDJPY=91
19:02:59 AUDCAD=86 AUDCHF=78 AUDJPY=87 AUDUSD=81 CADCHF=35 CADJPY=86 EURAUD=77 EURCAD=89 EURCHF=71 EURGBP=71 EURJPY=76 EURUSD=90 GBPAUD=60 GBPCAD=48 GBPCHF=90 GBPJPY=71 GBPUSD=88 USDCAD=76 USDCHF=78 USDJPY=91
19:03:59 AUDCAD=89 AUDCHF=66 AUDJPY=90 AUDUSD=81 CADCHF=30 CADJPY=86 EURAUD=79 EURCAD=86 EURCHF=71 EURGBP=69 EURJPY=76 EURUSD=90 GBPAUD=64 GBPCAD=43 GBPCHF=91 GBPJPY=71 GBPUSD=88 USDCAD=76 USDCHF=68 USDJPY=91
19:04:59 AUDCAD=89 AUDCHF=66 AUDJPY=90 AUDUSD=81 CADCHF=30 CADJPY=86 EURAUD=79 EURCAD=86 EURCHF=71 EURGBP=69 EURJPY=76 EURUSD=90 GBPAUD=64 GBPCAD=43 GBPCHF=91 GBPJPY=71 GBPUSD=88 USDCAD=76 USDCHF=68 USDJPY=91
19:05:59 AUDCAD=89 AUDCHF=66 AUDJPY=90 AUDUSD=81 CADCHF=31 CADJPY=86 EURAUD=66 EURCAD=83 EURCHF=71 EURGBP=71 EURJPY=76 EURUSD=90 GBPAUD=64 GBPCAD=41 GBPCHF=91 GBPJPY=71 GBPUSD=88 USDCAD=76 USDCHF=65 USDJPY=91
19:06:59 AUDCAD=89 AUDCHF=70 AUDJPY=90 AUDUSD=81 CADCHF=30 CADJPY=86 EURAUD=66 EURCAD=83 EURCHF=71 EURGBP=71 EURJPY=62 EURUSD=90 GBPAUD=60 GBPCAD=41 GBPCHF=91 GBPJPY=71 GBPUSD=88 USDCAD=76 USDCHF=67 USDJPY=91
19:07:59 AUDCAD=89 AUDCHF=70 AUDJPY=90 AUDUSD=81 CADCHF=30 CADJPY=86 EURAUD=66 EURCAD=83 EURCHF=71 EURGBP=71 EURJPY=62 EURUSD=90 GBPAUD=60 GBPCAD=41 GBPCHF=91 GBPJPY=71 GBPUSD=88 USDCAD=76 USDCHF=67 USDJPY=91
19:08:59 AUDCAD=89 AUDCHF=70 AUDJPY=90 AUDUSD=81 CADCHF=30 CADJPY=86 EURAUD=66 EURCAD=83 EURCHF=71 EURGBP=71 EURJPY=62 EURUSD=90 GBPAUD=60 GBPCAD=41 GBPCHF=91 GBPJPY=71 GBPUSD=88 USDCAD=76 USDCHF=67 USDJPY=91
19:09:59 AUDCAD=89 AUDCHF=67 AUDJPY=90 AUDUSD=81 CADCHF=37 CADJPY=86 EURAUD=63 EURCAD=88 EURCHF=71 EURGBP=71 EURJPY=61 EURUSD=90 GBPAUD=58 GBPCAD=36 GBPCHF=31 GBPJPY=71 GBPUSD=88 USDCAD=76 USDCHF=75 USDJPY=91
19:10:59 AUDCAD=76 AUDCHF=68 AUDJPY=90 AUDUSD=81 CADCHF=38 CADJPY=86 EURAUD=63 EURCAD=91 EURCHF=71 EURGBP=71 EURJPY=61 EURUSD=90 GBPAUD=59 GBPCAD=36 GBPCHF=35 GBPJPY=71 GBPUSD=88 USDCAD=76 USDCHF=78 USDJPY=91
19:11:59 AUDCAD=76 AUDCHF=68 AUDJPY=90 AUDUSD=81 CADCHF=38 CADJPY=86 EURAUD=63 EURCAD=91 EURCHF=71 EURGBP=71 EURJPY=61 EURUSD=90 GBPAUD=59 GBPCAD=36 GBPCHF=35 GBPJPY=71 GBPUSD=88 USDCAD=76 USDCHF=78 USDJPY=91
19:12:59 AUDCAD=51 AUDCHF=71 AUDJPY=90 AUDUSD=81 CADCHF=41 CADJPY=86 EURAUD=55 EURCAD=89 EURCHF=71 EURGBP=71 EURJPY=61 EURUSD=90 GBPAUD=59 GBPCAD=35 GBPCHF=41 GBPJPY=71 GBPUSD=88 USDCAD=76 USDCHF=80 USDJPY=91
19:13:59 AUDCAD=51 AUDCHF=71 AUDJPY=90 AUDUSD=81 CADCHF=41 CADJPY=86 EURAUD=55 EURCAD=89 EURCHF=71 EURGBP=71 EURJPY=61 EURUSD=90 GBPAUD=59 GBPCAD=35 GBPCHF=41 GBPJPY=71 GBPUSD=88 USDCAD=76 USDCHF=80 USDJPY=91
19:14:59 AUDCAD=51 AUDCHF=71 AUDJPY=90 AUDUSD=81 CADCHF=41 CADJPY=86 EURAUD=55 EURCAD=89 EURCHF=71 EURGBP=71 EURJPY=61 EURUSD=90 GBPAUD=59 GBPCAD=35 GBPCHF=41 GBPJPY=71 GBPUSD=88 USDCAD=76 USDCHF=80 USDJPY=91
19:15:59 AUDCAD=46 AUDCHF=63 AUDJPY=90 AUDUSD=81 CADCHF=48 CADJPY=86 EURAUD=65 EURCAD=87 EURCHF=71 EURGBP=57 EURJPY=61 EURUSD=90 GBPAUD=66 GBPCAD=32 GBPCHF=44 GBPJPY=71 GBPUSD=88 USDCAD=76 USDCHF=73 USDJPY=78
19:16:59 AUDCAD=46 AUDCHF=63 AUDJPY=90 AUDUSD=81 CADCHF=48 CADJPY=86 EURAUD=65 EURCAD=87 EURCHF=71 EURGBP=57 EURJPY=61 EURUSD=90 GBPAUD=66 GBPCAD=32 GBPCHF=44 GBPJPY=71 GBPUSD=88 USDCAD=76 USDCHF=73 USDJPY=78
19:17:59 AUDCAD=46 AUDCHF=63 AUDJPY=90 AUDUSD=81 CADCHF=48 CADJPY=86 EURAUD=65 EURCAD=87 EURCHF=71 EURGBP=57 EURJPY=61 EURUSD=90 GBPAUD=66 GBPCAD=32 GBPCHF=44 GBPJPY=71 GBPUSD=88 USDCAD=76 USDCHF=73 USDJPY=78
19:18:59 AUDCAD=46 AUDCHF=68 AUDJPY=90 AUDUSD=81 CADCHF=52 CADJPY=86 EURAUD=71 EURCAD=90 EURCHF=71 EURGBP=61 EURJPY=50 EURUSD=90 GBPAUD=69 GBPCAD=30 GBPCHF=47 GBPJPY=71 GBPUSD=88 USDCAD=76 USDCHF=79 USDJPY=72
19:19:59 AUDCAD=46 AUDCHF=68 AUDJPY=90 AUDUSD=81 CADCHF=52 CADJPY=86 EURAUD=71 EURCAD=90 EURCHF=71 EURGBP=61 EURJPY=50 EURUSD=90 GBPAUD=69 GBPCAD=30 GBPCHF=47 GBPJPY=71 GBPUSD=88 USDCAD=76 USDCHF=79 USDJPY=72
19:20:59 AUDCAD=49 AUDCHF=67 AUDJPY=90 AUDUSD=81 CADCHF=62 CADJPY=86 EURAUD=76 EURCAD=91 EURCHF=71 EURGBP=58 EURJPY=50 EURUSD=90 GBPAUD=66 GBPCAD=29 GBPCHF=48 GBPJPY=71 GBPUSD=88 USDCAD=76 USDCHF=77 USDJPY=71
19:21:59 AUDCAD=49 AUDCHF=65 AUDJPY=90 AUDUSD=81 CADCHF=66 CADJPY=86 EURAUD=80 EURCAD=91 EURCHF=71 EURGBP=57 EURJPY=50 EURUSD=90 GBPAUD=68 GBPCAD=30 GBPCHF=47 GBPJPY=71 GBPUSD=88 USDCAD=76 USDCHF=74 USDJPY=71
19:22:59 AUDCAD=49 AUDCHF=65 AUDJPY=90 AUDUSD=81 CADCHF=66 CADJPY=86 EURAUD=80 EURCAD=91 EURCHF=71 EURGBP=57 EURJPY=50 EURUSD=90 GBPAUD=68 GBPCAD=30 GBPCHF=47 GBPJPY=71 GBPUSD=88 USDCAD=76 USDCHF=74 USDJPY=71
19:23:59 AUDCAD=49 AUDCHF=65 AUDJPY=90 AUDUSD=81 CADCHF=66 CADJPY=86 EURAUD=80 EURCAD=91 EURCHF=71 EURGBP=57 EURJPY=50 EURUSD=90 GBPAUD=68 GBPCAD=30 GBPCHF=47 GBPJPY=71 GBPUSD=88 USDCAD=76 USDCHF=74 USDJPY=71
19:24:59 AUDCAD=51 AUDCHF=67 AUDJPY=75 AUDUSD=81 CADCHF=76 CADJPY=86 EURAUD=86 EURCAD=91 EURCHF=71 EURGBP=61 EURJPY=50 EURUSD=90 GBPAUD=69 GBPCAD=29 GBPCHF=46 GBPJPY=71 GBPUSD=88 USDCAD=76 USDCHF=71 USDJPY=70
19:25:59 AUDCAD=55 AUDCHF=66 AUDJPY=76 AUDUSD=81 CADCHF=81 CADJPY=86 EURAUD=86 EURCAD=91 EURCHF=71 EURGBP=62 EURJPY=51 EURUSD=90 GBPAUD=72 GBPCAD=29 GBPCHF=46 GBPJPY=71 GBPUSD=88 USDCAD=76 USDCHF=71 USDJPY=70
19:26:59 AUDCAD=55 AUDCHF=66 AUDJPY=76 AUDUSD=81 CADCHF=81 CADJPY=86 EURAUD=86 EURCAD=91 EURCHF=71 EURGBP=62 EURJPY=51 EURUSD=90 GBPAUD=72 GBPCAD=29 GBPCHF=46 GBPJPY=71 GBPUSD=88 USDCAD=76 USDCHF=71 USDJPY=70
19:27:59 AUDCAD=54 AUDCHF=65 AUDJPY=85 AUDUSD=81 CADCHF=81 CADJPY=86 EURAUD=86 EURCAD=89 EURCHF=71 EURGBP=59 EURJPY=51 EURUSD=90 GBPAUD=76 GBPCAD=35 GBPCHF=46 GBPJPY=71 GBPUSD=88 USDCAD=76 USDCHF=64 USDJPY=61
19:28:59 AUDCAD=54 AUDCHF=65 AUDJPY=85 AUDUSD=81 CADCHF=81 CADJPY=86 EURAUD=86 EURCAD=89 EURCHF=71 EURGBP=59 EURJPY=51 EURUSD=90 GBPAUD=76 GBPCAD=35 GBPCHF=46 GBPJPY=71 GBPUSD=88 USDCAD=76 USDCHF=64 USDJPY=61
19:29:59 AUDCAD=54 AUDCHF=65 AUDJPY=85 AUDUSD=81 CADCHF=81 CADJPY=86 EURAUD=86 EURCAD=89 EURCHF=71 EURGBP=59 EURJPY=51 EURUSD=90 GBPAUD=76 GBPCAD=35 GBPCHF=46 GBPJPY=71 GBPUSD=88 USDCAD=76 USDCHF=64 USDJPY=61
19:30:59 AUDCAD=56 AUDCHF=67 AUDJPY=90 AUDUSD=81 CADCHF=81 CADJPY=86 EURAUD=86 EURCAD=91 EURCHF=71 EURGBP=60 EURJPY=44 EURUSD=90 GBPAUD=76 GBPCAD=44 GBPCHF=46 GBPJPY=71 GBPUSD=88 USDCAD=76 USDCHF=61 USDJPY=57
19:31:59 AUDCAD=56 AUDCHF=67 AUDJPY=90 AUDUSD=81 CADCHF=81 CADJPY=86 EURAUD=86 EURCAD=91 EURCHF=71 EURGBP=60 EURJPY=44 EURUSD=90 GBPAUD=76 GBPCAD=44 GBPCHF=46 GBPJPY=71 GBPUSD=88 USDCAD=76 USDCHF=61 USDJPY=57
19:32:59 AUDCAD=56 AUDCHF=67 AUDJPY=90 AUDUSD=81 CADCHF=81 CADJPY=86 EURAUD=86 EURCAD=91 EURCHF=71 EURGBP=60 EURJPY=44 EURUSD=90 GBPAUD=76 GBPCAD=44 GBPCHF=46 GBPJPY=71 GBPUSD=88 USDCAD=76 USDCHF=61 USDJPY=57
19:33:59 AUDCAD=53 AUDCHF=61 AUDJPY=90 AUDUSD=81 CADCHF=90 CADJPY=86 EURAUD=86 EURCAD=91 EURCHF=71 EURGBP=63 EURJPY=47 EURUSD=90 GBPAUD=76 GBPCAD=50 GBPCHF=45 GBPJPY=71 GBPUSD=88 USDCAD=76 USDCHF=57 USDJPY=57
19:34:59 AUDCAD=53 AUDCHF=61 AUDJPY=90 AUDUSD=81 CADCHF=90 CADJPY=86 EURAUD=86 EURCAD=91 EURCHF=71 EURGBP=63 EURJPY=47 EURUSD=90 GBPAUD=76 GBPCAD=50 GBPCHF=45 GBPJPY=71 GBPUSD=88 USDCAD=76 USDCHF=57 USDJPY=57
19:35:59 AUDCAD=53 AUDCHF=61 AUDJPY=90 AUDUSD=81 CADCHF=91 CADJPY=86 EURAUD=86 EURCAD=91 EURCHF=71 EURGBP=67 EURJPY=55 EURUSD=90 GBPAUD=76 GBPCAD=53 GBPCHF=45 GBPJPY=71 GBPUSD=88 USDCAD=76 USDCHF=60 USDJPY=57
19:36:59 AUDCAD=52 AUDCHF=61 AUDJPY=90 AUDUSD=81 CADCHF=91 CADJPY=86 EURAUD=86 EURCAD=91 EURCHF=71 EURGBP=64 EURJPY=61 EURUSD=90 GBPAUD=70 GBPCAD=61 GBPCHF=45 GBPJPY=71 GBPUSD=88 USDCAD=76 USDCHF=63 USDJPY=57
19:37:59 AUDCAD=52 AUDCHF=61 AUDJPY=90 AUDUSD=81 CADCHF=91 CADJPY=86 EURAUD=86 EURCAD=91 EURCHF=71 EURGBP=64 EURJPY=61 EURUSD=90 GBPAUD=70 GBPCAD=61 GBPCHF=45 GBPJPY=71 GBPUSD=88 USDCAD=76 USDCHF=63 USDJPY=57
19:38:59 AUDCAD=52 AUDCHF=61 AUDJPY=90 AUDUSD=81 CADCHF=91 CADJPY=86 EURAUD=86 EURCAD=91 EURCHF=71 EURGBP=64 EURJPY=61 EURUSD=90 GBPAUD=70 GBPCAD=61 GBPCHF=45 GBPJPY=71 GBPUSD=88 USDCAD=76 USDCHF=63 USDJPY=57
19:39:59 AUDCAD=53 AUDCHF=65 AUDJPY=90 AUDUSD=81 CADCHF=91 CADJPY=86 EURAUD=86 EURCAD=91 EURCHF=71 EURGBP=58 EURJPY=58 EURUSD=90 GBPAUD=74 GBPCAD=69 GBPCHF=45 GBPJPY=71 GBPUSD=88 USDCAD=76 USDCHF=66 USDJPY=60
19:40:59 AUDCAD=53 AUDCHF=64 AUDJPY=90 AUDUSD=81 CADCHF=91 CADJPY=86 EURAUD=86 EURCAD=91 EURCHF=71 EURGBP=59 EURJPY=57 EURUSD=84 GBPAUD=76 GBPCAD=76 GBPCHF=45 GBPJPY=71 GBPUSD=88 USDCAD=76 USDCHF=71 USDJPY=60
19:41:59 AUDCAD=53 AUDCHF=64 AUDJPY=90 AUDUSD=81 CADCHF=91 CADJPY=86 EURAUD=86 EURCAD=91 EURCHF=71 EURGBP=59 EURJPY=57 EURUSD=84 GBPAUD=76 GBPCAD=76 GBPCHF=45 GBPJPY=71 GBPUSD=88 USDCAD=76 USDCHF=71 USDJPY=60
19:42:59 AUDCAD=55 AUDCHF=58 AUDJPY=90 AUDUSD=81 CADCHF=91 CADJPY=84 EURAUD=86 EURCAD=91 EURCHF=71 EURGBP=59 EURJPY=54 EURUSD=88 GBPAUD=73 GBPCAD=81 GBPCHF=45 GBPJPY=71 GBPUSD=88 USDCAD=76 USDCHF=74 USDJPY=60
19:43:59 AUDCAD=55 AUDCHF=58 AUDJPY=90 AUDUSD=81 CADCHF=91 CADJPY=84 EURAUD=86 EURCAD=91 EURCHF=71 EURGBP=59 EURJPY=54 EURUSD=88 GBPAUD=73 GBPCAD=81 GBPCHF=45 GBPJPY=71 GBPUSD=88 USDCAD=76 USDCHF=74 USDJPY=60
19:44:59 AUDCAD=55 AUDCHF=58 AUDJPY=90 AUDUSD=81 CADCHF=91 CADJPY=84 EURAUD=86 EURCAD=91 EURCHF=71 EURGBP=59 EURJPY=54 EURUSD=88 GBPAUD=73 GBPCAD=81 GBPCHF=45 GBPJPY=71 GBPUSD=88 USDCAD=76 USDCHF=74 USDJPY=60
19:45:59 AUDCAD=57 AUDCHF=59 AUDJPY=90 AUDUSD=81 CADCHF=91 CADJPY=86 EURAUD=86 EURCAD=91 EURCHF=71 EURGBP=60 EURJPY=57 EURUSD=89 GBPAUD=76 GBPCAD=81 GBPCHF=45 GBPJPY=71 GBPUSD=88 USDCAD=76 USDCHF=75 USDJPY=60
19:46:59 AUDCAD=57 AUDCHF=59 AUDJPY=90 AUDUSD=81 CADCHF=91 CADJPY=86 EURAUD=86 EURCAD=91 EURCHF=71 EURGBP=60 EURJPY=57 EURUSD=89 GBPAUD=76 GBPCAD=81 GBPCHF=45 GBPJPY=71 GBPUSD=88 USDCAD=76 USDCHF=75 USDJPY=60
19:47:59 AUDCAD=57 AUDCHF=59 AUDJPY=90 AUDUSD=81 CADCHF=91 CADJPY=86 EURAUD=86 EURCAD=91 EURCHF=71 EURGBP=60 EURJPY=57 EURUSD=89 GBPAUD=76 GBPCAD=81 GBPCHF=45 GBPJPY=71 GBPUSD=88 USDCAD=76 USDCHF=75 USDJPY=60
19:48:59 AUDCAD=56 AUDCHF=61 AUDJPY=90 AUDUSD=81 CADCHF=91 CADJPY=84 EURAUD=86 EURCAD=91 EURCHF=71 EURGBP=68 EURJPY=64 EURUSD=90 GBPAUD=76 GBPCAD=81 GBPCHF=45 GBPJPY=71 GBPUSD=88 USDCAD=76 USDCHF=77 USDJPY=60
19:49:59 AUDCAD=56 AUDCHF=61 AUDJPY=90 AUDUSD=81 CADCHF=91 CADJPY=84 EURAUD=86 EURCAD=91 EURCHF=71 EURGBP=68 EURJPY=64 EURUSD=90 GBPAUD=76 GBPCAD=81 GBPCHF=45 GBPJPY=71 GBPUSD=88 USDCAD=76 USDCHF=77 USDJPY=60
19:50:59 AUDCAD=55 AUDCHF=60 AUDJPY=90 AUDUSD=81 CADJPY=82 EURAUD=86 EURCAD=91 EURCHF=71 EURGBP=71 EURJPY=66 EURUSD=90 GBPAUD=76 GBPCAD=81 GBPCHF=45 GBPJPY=71 GBPUSD=88 USDCAD=76 USDCHF=65 USDJPY=59
19:51:59 AUDCAD=56 AUDCHF=64 AUDJPY=90 AUDUSD=81 CADJPY=86 EURAUD=86 EURCAD=91 EURCHF=71 EURGBP=71 EURJPY=64 EURUSD=90 GBPAUD=76 GBPCAD=81 GBPCHF=44 GBPJPY=71 GBPUSD=88 USDCAD=76 USDCHF=63 USDJPY=60
19:52:59 AUDCAD=56 AUDCHF=64 AUDJPY=90 AUDUSD=81 CADJPY=86 EURAUD=86 EURCAD=91 EURCHF=71 EURGBP=71 EURJPY=64 EURUSD=90 GBPAUD=76 GBPCAD=81 GBPCHF=44 GBPJPY=71 GBPUSD=88 USDCAD=76 USDCHF=63 USDJPY=60
19:53:59 AUDCAD=56 AUDCHF=64 AUDJPY=90 AUDUSD=81 CADJPY=86 EURAUD=86 EURCAD=91 EURCHF=71 EURGBP=71 EURJPY=64 EURUSD=90 GBPAUD=76 GBPCAD=81 GBPCHF=44 GBPJPY=71 GBPUSD=88 USDCAD=76 USDCHF=63 USDJPY=60
19:54:59 AUDCAD=57 AUDCHF=65 AUDJPY=90 AUDUSD=77 CADJPY=86 EURAUD=86 EURCAD=91 EURCHF=71 EURGBP=71 EURJPY=73 EURUSD=90 GBPAUD=76 GBPCAD=65 GBPCHF=44 GBPJPY=71 GBPUSD=88 USDCAD=76 USDCHF=68 USDJPY=58
19:55:59 AUDCAD=55 AUDCHF=63 AUDJPY=90 AUDUSD=75 CADCHF=91 CADJPY=86 EURAUD=86 EURCAD=91 EURCHF=71 EURGBP=71 EURJPY=75 EURUSD=89 GBPAUD=76 GBPCAD=66 GBPCHF=48 GBPJPY=71 GBPUSD=88 USDCAD=76 USDCHF=73 USDJPY=51
19:56:59 AUDCAD=55 AUDCHF=63 AUDJPY=90 AUDUSD=75 CADCHF=91 CADJPY=86 EURAUD=86 EURCAD=91 EURCHF=71 EURGBP=71 EURJPY=75 EURUSD=89 GBPAUD=76 GBPCAD=66 GBPCHF=48 GBPJPY=71 GBPUSD=88 USDCAD=76 USDCHF=73 USDJPY=51
19:57:59 AUDCAD=46 AUDCHF=69 AUDJPY=90 AUDUSD=77 CADCHF=91 CADJPY=86 EURAUD=86 EURCAD=91 EURCHF=71 EURGBP=71 EURJPY=70 EURUSD=89 GBPAUD=76 GBPCAD=70 GBPCHF=53 GBPJPY=71 GBPUSD=88 USDCAD=76 USDCHF=81 USDJPY=41
19:58:59 AUDCAD=46 AUDCHF=69 AUDJPY=90 AUDUSD=77 CADCHF=91 CADJPY=86 EURAUD=86 EURCAD=91 EURCHF=71 EURGBP=71 EURJPY=70 EURUSD=89 GBPAUD=76 GBPCAD=70 GBPCHF=53 GBPJPY=71 GBPUSD=88 USDCAD=76 USDCHF=81 USDJPY=41
19:59:59 AUDCAD=46 AUDCHF=69 AUDJPY=90 AUDUSD=77 CADCHF=91 CADJPY=86 EURAUD=86 EURCAD=91 EURCHF=71 EURGBP=71 EURJPY=70 EURUSD=89 GBPAUD=76 GBPCAD=70 GBPCHF=53 GBPJPY=71 GBPUSD=88 USDCAD=76 USDCHF=81 USDJPY=41
